******************************************************************************
                  TI ARM Linker PC v5.2.5                      
******************************************************************************
>> Linked Thu Feb 08 23:09:46 2018

OUTPUT FILE NAME:   <Copy (2) of Template.out>
ENTRY POINT SYMBOL: "_c_int00"  address: 00001255


MEMORY CONFIGURATION

         name            origin    length      used     unused   attr    fill
----------------------  --------  ---------  --------  --------  ----  --------
  FLASH                 00000000   00040000  000017b0  0003e850  R  X
  SRAM                  20000000   00008000  00000258  00007da8  RW X


SEGMENT ALLOCATION MAP

run origin  load origin   length   init length attrs members
----------  ----------- ---------- ----------- ----- -------
00000000    00000000    000017b8   000017b8    r-x
  00000000    00000000    0000026c   0000026c    r-- .intvecs
  0000026c    0000026c    0000134a   0000134a    r-x .text
  000015b8    000015b8    000001c2   000001c2    r-- .const
  00001780    00001780    00000038   00000038    r-- .cinit
20000000    20000000    00000258   00000000    rw-
  20000000    20000000    00000200   00000000    rw- .stack
  20000200    20000200    0000003c   00000000    rw- .data
  2000023c    2000023c    0000001c   00000000    rw- .bss


SECTION ALLOCATION MAP

 output                                  attributes/
section   page    origin      length       input sections
--------  ----  ----------  ----------   ----------------
.intvecs   0    00000000    0000026c     
                  00000000    0000026c     lm4f120h5qr_startup_ccs.obj (.intvecs)

.text      0    0000026c    0000134a     
                  0000026c    000004a8     uartstdio.obj (.text)
                  00000714    00000440     main.obj (.text)
                  00000b54    000001d8     driverlib-cm4f.lib : sysctl.obj (.text:SysCtlClockGet)
                  00000d2c    0000013c                        : sysctl.obj (.text:SysCtlClockSet)
                  00000e68    000000c8                        : gpio.obj (.text:GPIOPadConfigSet)
                  00000f30    0000009c     rtsv7M4_T_le_v4SPD16_eabi.lib : memcpy_t2.obj (.text)
                  00000fcc    0000007a                                   : memset_t2.obj (.text)
                  00001046    00000002                                   : i_div0.obj (.text)
                  00001048    00000078     driverlib-cm4f.lib : sysctl.obj (.text:SysCtlPeripheralPresent)
                  000010c0    0000006c     rtsv7M4_T_le_v4SPD16_eabi.lib : autoinit.obj (.text)
                  0000112c    0000006a                                   : copy_decompress_rle.obj (.text)
                  00001196    00000002     --HOLE-- [fill = 0]
                  00001198    00000064     driverlib-cm4f.lib : interrupt.obj (.text:IntEnable)
                  000011fc    00000058                        : sysctl.obj (.text:SysCtlPeripheralEnable)
                  00001254    00000050     rtsv7M4_T_le_v4SPD16_eabi.lib : boot.obj (.text)
                  000012a4    0000004c                                   : cpy_tbl.obj (.text)
                  000012f0    00000048     driverlib-cm4f.lib : gpio.obj (.text:GPIOPinConfigure)
                  00001338    00000044     rtsv7M4_T_le_v4SPD16_eabi.lib : exit.obj (.text)
                  0000137c    00000042     driverlib-cm4f.lib : uart.obj (.text:UARTConfigSetExpClk)
                  000013be    00000040     rtsv7M4_T_le_v4SPD16_eabi.lib : u_divt2.obj (.text)
                  000013fe    0000002e     driverlib-cm4f.lib : gpio.obj (.text:GPIODirModeSet)
                  0000142c    00000028                        : timer.obj (.text:TimerConfigure)
                  00001454    0000001c                        : uart.obj (.text:UARTDisable)
                  00001470    00000018     rtsv7M4_T_le_v4SPD16_eabi.lib : args_main.obj (.text)
                  00001488    00000014     driverlib-cm4f.lib : uart.obj (.text:UARTEnable)
                  0000149c    00000014     rtsv7M4_T_le_v4SPD16_eabi.lib : _lock.obj (.text)
                  000014b0    00000012     driverlib-cm4f.lib : gpio.obj (.text:GPIOPinTypeGPIOOutput)
                  000014c2    00000012                        : gpio.obj (.text:GPIOPinTypeUART)
                  000014d4    00000012                        : timer.obj (.text:TimerLoadSet)
                  000014e6    00000010                        : uart.obj (.text:UARTCharPutNonBlocking)
                  000014f6    0000000e                        : timer.obj (.text:TimerEnable)
                  00001504    0000000e     rtsv7M4_T_le_v4SPD16_eabi.lib : copy_decompress_none.obj (.text:decompress:none)
                  00001512    0000000c     driverlib-cm4f.lib : cpu.obj (.text:CPUcpsie)
                  0000151e    0000000c                        : uart.obj (.text:UARTCharsAvail)
                  0000152a    0000000c     rtsv7M4_T_le_v4SPD16_eabi.lib : copy_zero_init.obj (.text:decompress:ZI)
                  00001536    0000000c     lm4f120h5qr_startup_ccs.obj (.text)
                  00001542    0000000a     driverlib-cm4f.lib : gpio.obj (.text:GPIOPinRead)
                  0000154c    0000000a                        : gpio.obj (.text:GPIOPinWrite)
                  00001556    0000000a                        : interrupt.obj (.text:IntMasterEnable)
                  00001560    0000000a                        : uart.obj (.text:UARTCharGet)
                  0000156a    0000000a                        : uart.obj (.text:UARTCharPut)
                  00001574    0000000a                        : uart.obj (.text:UARTFIFOEnable)
                  0000157e    0000000a                        : uart.obj (.text:UARTIntStatus)
                  00001588    00000008                        : timer.obj (.text:TimerIntEnable)
                  00001590    00000008                        : uart.obj (.text:UARTIntEnable)
                  00001598    00000006                        : sysctl.obj (.text:SysCtlDelay)
                  0000159e    00000006                        : uart.obj (.text:UARTFIFOLevelSet)
                  000015a4    00000006     rtsv7M4_T_le_v4SPD16_eabi.lib : copy_decompress_rle.obj (.text:decompress:rle24)
                  000015aa    00000004     driverlib-cm4f.lib : timer.obj (.text:TimerIntClear)
                  000015ae    00000004                        : uart.obj (.text:UARTIntClear)
                  000015b2    00000004     rtsv7M4_T_le_v4SPD16_eabi.lib : pre_init.obj (.text)

.const     0    000015b8    000001c2     
                  000015b8    00000078     driverlib-cm4f.lib : gpio.obj (.const:g_pulGPIOBaseAddrs)
                  00001630    00000070                        : interrupt.obj (.const)
                  000016a0    0000006c                        : sysctl.obj (.const:g_pulXtals)
                  0000170c    00000040                        : sysctl.obj (.const)
                  0000174c    0000001c     uartstdio.obj (.const)
                  00001768    00000012     uartstdio.obj (.const:.string)

.cinit     0    00001780    00000038     
                  00001780    00000012     (.cinit..data.load) [load image, compression = rle]
                  00001792    00000002     --HOLE-- [fill = 0]
                  00001794    0000000c     (__TI_handler_table)
                  000017a0    00000008     (.cinit..bss.load) [load image, compression = zero_init]
                  000017a8    00000010     (__TI_cinit_table)

.init_array 
*          0    00000000    00000000     UNINITIALIZED

.stack     0    20000000    00000200     UNINITIALIZED
                  20000000    00000200     --HOLE--

.data      0    20000200    0000003c     UNINITIALIZED
                  20000200    00000020     main.obj (.data)
                  20000220    00000008     rtsv7M4_T_le_v4SPD16_eabi.lib : _lock.obj (.data)
                  20000228    00000008                                   : exit.obj (.data)
                  20000230    00000005     uartstdio.obj (.data)
                  20000235    00000003     --HOLE--
                  20000238    00000004     rtsv7M4_T_le_v4SPD16_eabi.lib : stkdepth_vars.obj (.data)

.bss       0    2000023c    0000001c     UNINITIALIZED
                  2000023c    00000014     (.common:message)
                  20000250    00000004     (.common:Ekey)
                  20000254    00000004     (.common:mIndex)

.TI.persistent 
*          0    20000200    00000000     UNINITIALIZED

.TI.noinit 
*          0    2000023c    00000000     UNINITIALIZED


LINKER GENERATED COPY TABLES

__TI_cinit_table @ 000017a8 records: 2, size/record: 8, table size: 16
	.data: load addr=00001780, load size=00000012 bytes, run addr=20000200, run size=0000003c bytes, compression=rle
	.bss: load addr=000017a0, load size=00000008 bytes, run addr=2000023c, run size=0000001c bytes, compression=zero_init


LINKER GENERATED HANDLER TABLE

__TI_handler_table @ 00001794 records: 3, size/record: 4, table size: 12
	index: 0, handler: __TI_decompress_rle24
	index: 1, handler: __TI_decompress_none
	index: 2, handler: __TI_zero_init


GLOBAL SYMBOLS: SORTED ALPHABETICALLY BY Name 

address   name                    
-------   ----                    
00001339  C$$EXIT                 
00001513  CPUcpsie                
20000250  Ekey                    
000013ff  GPIODirModeSet          
00000e69  GPIOPadConfigSet        
000012f1  GPIOPinConfigure        
00001543  GPIOPinRead             
000014b1  GPIOPinTypeGPIOOutput   
000014c3  GPIOPinTypeUART         
0000154d  GPIOPinWrite            
00001199  IntEnable               
00001557  IntMasterEnable         
00001537  ResetISR                
UNDEFED   SHT$$INIT_ARRAY$$Base   
UNDEFED   SHT$$INIT_ARRAY$$Limit  
00000b55  SysCtlClockGet          
00000d2d  SysCtlClockSet          
00001599  SysCtlDelay             
000011fd  SysCtlPeripheralEnable  
00001049  SysCtlPeripheralPresent 
0000089f  Timer0IntHandler        
0000142d  TimerConfigure          
000014f7  TimerEnable             
000015ab  TimerIntClear           
00001589  TimerIntEnable          
000014d5  TimerLoadSet            
00001561  UARTCharGet             
0000156b  UARTCharPut             
000014e7  UARTCharPutNonBlocking  
0000151f  UARTCharsAvail          
0000137d  UARTConfigSetExpClk     
00001455  UARTDisable             
00001489  UARTEnable              
00001575  UARTFIFOEnable          
0000159f  UARTFIFOLevelSet        
000015af  UARTIntClear            
00001591  UARTIntEnable           
000008e5  UARTIntHandler          
0000157f  UARTIntStatus           
0000026d  UARTStdioConfig         
000002b3  UARTStdioInit           
000002c9  UARTStdioInitExpClk     
000003dd  UARTgetc                
00000325  UARTgets                
00000405  UARTprintf              
000002df  UARTwrite               
20000200  __STACK_END             
00000200  __STACK_SIZE            
20000200  __STACK_TOP             
000017a8  __TI_CINIT_Base         
000017b8  __TI_CINIT_Limit        
00001794  __TI_Handler_Table_Base 
000017a0  __TI_Handler_Table_Limit
000010c1  __TI_auto_init          
20000228  __TI_cleanup_ptr        
00001505  __TI_decompress_none    
000015a5  __TI_decompress_rle24   
2000022c  __TI_dtors_ptr          
00000000  __TI_static_base__      
0000152b  __TI_zero_init          
00001047  __aeabi_idiv0           
00000fcd  __aeabi_memclr          
00000fcd  __aeabi_memclr4         
00000fcd  __aeabi_memclr8         
00000f31  __aeabi_memcpy          
00000f31  __aeabi_memcpy4         
00000f31  __aeabi_memcpy8         
00000fcf  __aeabi_memset          
00000fcf  __aeabi_memset4         
00000fcf  __aeabi_memset8         
000013bf  __aeabi_uidiv           
000013bf  __aeabi_uidivmod        
ffffffff  __binit__               
ffffffff  __c_args__              
20000000  __stack                 
00001471  _args_main              
00001255  _c_int00                
20000220  _lock                   
000014ab  _nop                    
000014a3  _register_lock          
0000149d  _register_unlock        
000015b3  _system_pre_init        
20000224  _unlock                 
0000133d  abort                   
ffffffff  binit                   
000012a5  copy_in                 
00000755  decryption              
00000715  encryption              
00001345  exit                    
20000200  flagD                   
2000020c  flagDkey                
20000214  flagDmessage            
20000204  flagE                   
20000208  flagEkey                
20000210  flagEmessage            
2000021c  flagdecode              
20000218  flagencode              
00000000  g_pfnVectors            
20000254  mIndex                  
000007a7  main                    
20000238  main_func_sp            
00000f31  memcpy                  
00000fd5  memset                  
2000023c  message                 


GLOBAL SYMBOLS: SORTED BY Symbol Address 

address   name                    
-------   ----                    
00000000  __TI_static_base__      
00000000  g_pfnVectors            
00000200  __STACK_SIZE            
0000026d  UARTStdioConfig         
000002b3  UARTStdioInit           
000002c9  UARTStdioInitExpClk     
000002df  UARTwrite               
00000325  UARTgets                
000003dd  UARTgetc                
00000405  UARTprintf              
00000715  encryption              
00000755  decryption              
000007a7  main                    
0000089f  Timer0IntHandler        
000008e5  UARTIntHandler          
00000b55  SysCtlClockGet          
00000d2d  SysCtlClockSet          
00000e69  GPIOPadConfigSet        
00000f31  __aeabi_memcpy          
00000f31  __aeabi_memcpy4         
00000f31  __aeabi_memcpy8         
00000f31  memcpy                  
00000fcd  __aeabi_memclr          
00000fcd  __aeabi_memclr4         
00000fcd  __aeabi_memclr8         
00000fcf  __aeabi_memset          
00000fcf  __aeabi_memset4         
00000fcf  __aeabi_memset8         
00000fd5  memset                  
00001047  __aeabi_idiv0           
00001049  SysCtlPeripheralPresent 
000010c1  __TI_auto_init          
00001199  IntEnable               
000011fd  SysCtlPeripheralEnable  
00001255  _c_int00                
000012a5  copy_in                 
000012f1  GPIOPinConfigure        
00001339  C$$EXIT                 
0000133d  abort                   
00001345  exit                    
0000137d  UARTConfigSetExpClk     
000013bf  __aeabi_uidiv           
000013bf  __aeabi_uidivmod        
000013ff  GPIODirModeSet          
0000142d  TimerConfigure          
00001455  UARTDisable             
00001471  _args_main              
00001489  UARTEnable              
0000149d  _register_unlock        
000014a3  _register_lock          
000014ab  _nop                    
000014b1  GPIOPinTypeGPIOOutput   
000014c3  GPIOPinTypeUART         
000014d5  TimerLoadSet            
000014e7  UARTCharPutNonBlocking  
000014f7  TimerEnable             
00001505  __TI_decompress_none    
00001513  CPUcpsie                
0000151f  UARTCharsAvail          
0000152b  __TI_zero_init          
00001537  ResetISR                
00001543  GPIOPinRead             
0000154d  GPIOPinWrite            
00001557  IntMasterEnable         
00001561  UARTCharGet             
0000156b  UARTCharPut             
00001575  UARTFIFOEnable          
0000157f  UARTIntStatus           
00001589  TimerIntEnable          
00001591  UARTIntEnable           
00001599  SysCtlDelay             
0000159f  UARTFIFOLevelSet        
000015a5  __TI_decompress_rle24   
000015ab  TimerIntClear           
000015af  UARTIntClear            
000015b3  _system_pre_init        
00001794  __TI_Handler_Table_Base 
000017a0  __TI_Handler_Table_Limit
000017a8  __TI_CINIT_Base         
000017b8  __TI_CINIT_Limit        
20000000  __stack                 
20000200  __STACK_END             
20000200  __STACK_TOP             
20000200  flagD                   
20000204  flagE                   
20000208  flagEkey                
2000020c  flagDkey                
20000210  flagEmessage            
20000214  flagDmessage            
20000218  flagencode              
2000021c  flagdecode              
20000220  _lock                   
20000224  _unlock                 
20000228  __TI_cleanup_ptr        
2000022c  __TI_dtors_ptr          
20000238  main_func_sp            
2000023c  message                 
20000250  Ekey                    
20000254  mIndex                  
ffffffff  __binit__               
ffffffff  __c_args__              
ffffffff  binit                   
UNDEFED   SHT$$INIT_ARRAY$$Base   
UNDEFED   SHT$$INIT_ARRAY$$Limit  

[104 symbols]
