******************************************************************************
                  TI ARM Linker PC v5.2.5                      
******************************************************************************
>> Linked Thu Feb 08 22:57:45 2018

OUTPUT FILE NAME:   <Template.out>
ENTRY POINT SYMBOL: "_c_int00"  address: 0000107d


MEMORY CONFIGURATION

         name            origin    length      used     unused   attr    fill
----------------------  --------  ---------  --------  --------  ----  --------
  FLASH                 00000000   00040000  000015b4  0003ea4c  R  X
  SRAM                  20000000   00008000  0000021c  00007de4  RW X


SEGMENT ALLOCATION MAP

run origin  load origin   length   init length attrs members
----------  ----------- ---------- ----------- ----- -------
00000000    00000000    000015b8   000015b8    r-x
  00000000    00000000    0000026c   0000026c    r-- .intvecs
  0000026c    0000026c    00001166   00001166    r-x .text
  000013d4    000013d4    000001c2   000001c2    r-- .const
  00001598    00001598    00000020   00000020    r-- .cinit
20000000    20000000    0000021c   00000000    rw-
  20000000    20000000    00000200   00000000    rw- .stack
  20000200    20000200    0000001c   00000000    rw- .data


SECTION ALLOCATION MAP

 output                                  attributes/
section   page    origin      length       input sections
--------  ----  ----------  ----------   ----------------
.intvecs   0    00000000    0000026c     
                  00000000    0000026c     lm4f120h5qr_startup_ccs.obj (.intvecs)

.text      0    0000026c    00001166     
                  0000026c    000004a8     uartstdio.obj (.text)
                  00000714    00000268     main.obj (.text)
                  0000097c    000001d8     driverlib-cm4f.lib : sysctl.obj (.text:SysCtlClockGet)
                  00000b54    0000013c                        : sysctl.obj (.text:SysCtlClockSet)
                  00000c90    000000c8                        : gpio.obj (.text:GPIOPadConfigSet)
                  00000d58    0000009c     rtsv7M4_T_le_v4SPD16_eabi.lib : memcpy_t2.obj (.text)
                  00000df4    0000007a                                   : memset_t2.obj (.text)
                  00000e6e    00000002                                   : i_div0.obj (.text)
                  00000e70    00000078     driverlib-cm4f.lib : sysctl.obj (.text:SysCtlPeripheralPresent)
                  00000ee8    0000006c     rtsv7M4_T_le_v4SPD16_eabi.lib : autoinit.obj (.text)
                  00000f54    0000006a                                   : copy_decompress_rle.obj (.text)
                  00000fbe    00000002     --HOLE-- [fill = 0]
                  00000fc0    00000064     driverlib-cm4f.lib : interrupt.obj (.text:IntEnable)
                  00001024    00000058                        : sysctl.obj (.text:SysCtlPeripheralEnable)
                  0000107c    00000050     rtsv7M4_T_le_v4SPD16_eabi.lib : boot.obj (.text)
                  000010cc    0000004c                                   : cpy_tbl.obj (.text)
                  00001118    00000048     driverlib-cm4f.lib : gpio.obj (.text:GPIOPinConfigure)
                  00001160    00000044     rtsv7M4_T_le_v4SPD16_eabi.lib : exit.obj (.text)
                  000011a4    00000042     driverlib-cm4f.lib : uart.obj (.text:UARTConfigSetExpClk)
                  000011e6    00000040     rtsv7M4_T_le_v4SPD16_eabi.lib : u_divt2.obj (.text)
                  00001226    0000002e     driverlib-cm4f.lib : gpio.obj (.text:GPIODirModeSet)
                  00001254    00000028                        : timer.obj (.text:TimerConfigure)
                  0000127c    0000001c                        : uart.obj (.text:UARTDisable)
                  00001298    00000018     rtsv7M4_T_le_v4SPD16_eabi.lib : args_main.obj (.text)
                  000012b0    00000014     driverlib-cm4f.lib : uart.obj (.text:UARTEnable)
                  000012c4    00000014     rtsv7M4_T_le_v4SPD16_eabi.lib : _lock.obj (.text)
                  000012d8    00000012     driverlib-cm4f.lib : gpio.obj (.text:GPIOPinTypeGPIOOutput)
                  000012ea    00000012                        : gpio.obj (.text:GPIOPinTypeUART)
                  000012fc    00000012                        : timer.obj (.text:TimerLoadSet)
                  0000130e    00000010                        : uart.obj (.text:UARTCharPutNonBlocking)
                  0000131e    0000000e                        : timer.obj (.text:TimerEnable)
                  0000132c    0000000e     rtsv7M4_T_le_v4SPD16_eabi.lib : copy_decompress_none.obj (.text:decompress:none)
                  0000133a    0000000c     driverlib-cm4f.lib : cpu.obj (.text:CPUcpsie)
                  00001346    0000000c                        : uart.obj (.text:UARTCharsAvail)
                  00001352    0000000c     lm4f120h5qr_startup_ccs.obj (.text)
                  0000135e    0000000a     driverlib-cm4f.lib : gpio.obj (.text:GPIOPinRead)
                  00001368    0000000a                        : gpio.obj (.text:GPIOPinWrite)
                  00001372    0000000a                        : interrupt.obj (.text:IntMasterEnable)
                  0000137c    0000000a                        : uart.obj (.text:UARTCharGet)
                  00001386    0000000a                        : uart.obj (.text:UARTCharPut)
                  00001390    0000000a                        : uart.obj (.text:UARTFIFOEnable)
                  0000139a    0000000a                        : uart.obj (.text:UARTIntStatus)
                  000013a4    00000008                        : timer.obj (.text:TimerIntEnable)
                  000013ac    00000008                        : uart.obj (.text:UARTIntEnable)
                  000013b4    00000006                        : sysctl.obj (.text:SysCtlDelay)
                  000013ba    00000006                        : uart.obj (.text:UARTFIFOLevelSet)
                  000013c0    00000006     rtsv7M4_T_le_v4SPD16_eabi.lib : copy_decompress_rle.obj (.text:decompress:rle24)
                  000013c6    00000004     driverlib-cm4f.lib : timer.obj (.text:TimerIntClear)
                  000013ca    00000004                        : uart.obj (.text:UARTIntClear)
                  000013ce    00000004     rtsv7M4_T_le_v4SPD16_eabi.lib : pre_init.obj (.text)

.const     0    000013d4    000001c2     
                  000013d4    00000078     driverlib-cm4f.lib : gpio.obj (.const:g_pulGPIOBaseAddrs)
                  0000144c    00000070                        : interrupt.obj (.const)
                  000014bc    0000006c                        : sysctl.obj (.const:g_pulXtals)
                  00001528    00000040                        : sysctl.obj (.const)
                  00001568    0000001c     uartstdio.obj (.const)
                  00001584    00000012     uartstdio.obj (.const:.string)

.cinit     0    00001598    00000020     
                  00001598    0000000f     (.cinit..data.load) [load image, compression = rle]
                  000015a7    00000001     --HOLE-- [fill = 0]
                  000015a8    00000008     (__TI_handler_table)
                  000015b0    00000008     (__TI_cinit_table)

.init_array 
*          0    00000000    00000000     UNINITIALIZED

.stack     0    20000000    00000200     UNINITIALIZED
                  20000000    00000200     --HOLE--

.data      0    20000200    0000001c     UNINITIALIZED
                  20000200    00000008     rtsv7M4_T_le_v4SPD16_eabi.lib : _lock.obj (.data)
                  20000208    00000008                                   : exit.obj (.data)
                  20000210    00000005     uartstdio.obj (.data)
                  20000215    00000003     --HOLE--
                  20000218    00000004     rtsv7M4_T_le_v4SPD16_eabi.lib : stkdepth_vars.obj (.data)

.TI.persistent 
*          0    20000200    00000000     UNINITIALIZED


LINKER GENERATED COPY TABLES

__TI_cinit_table @ 000015b0 records: 1, size/record: 8, table size: 8
	.data: load addr=00001598, load size=0000000f bytes, run addr=20000200, run size=0000001c bytes, compression=rle


LINKER GENERATED HANDLER TABLE

__TI_handler_table @ 000015a8 records: 2, size/record: 4, table size: 8
	index: 0, handler: __TI_decompress_rle24
	index: 1, handler: __TI_decompress_none


GLOBAL SYMBOLS: SORTED ALPHABETICALLY BY Name 

address   name                    
-------   ----                    
00001161  C$$EXIT                 
0000133b  CPUcpsie                
0000080f  Encryption              
00001227  GPIODirModeSet          
00000c91  GPIOPadConfigSet        
00001119  GPIOPinConfigure        
0000135f  GPIOPinRead             
000012d9  GPIOPinTypeGPIOOutput   
000012eb  GPIOPinTypeUART         
00001369  GPIOPinWrite            
00000fc1  IntEnable               
00001373  IntMasterEnable         
00001353  ResetISR                
UNDEFED   SHT$$INIT_ARRAY$$Base   
UNDEFED   SHT$$INIT_ARRAY$$Limit  
0000097d  SysCtlClockGet          
00000b55  SysCtlClockSet          
000013b5  SysCtlDelay             
00001025  SysCtlPeripheralEnable  
00000e71  SysCtlPeripheralPresent 
000007c9  Timer0IntHandler        
00001255  TimerConfigure          
0000131f  TimerEnable             
000013c7  TimerIntClear           
000013a5  TimerIntEnable          
000012fd  TimerLoadSet            
0000137d  UARTCharGet             
00001387  UARTCharPut             
0000130f  UARTCharPutNonBlocking  
00001347  UARTCharsAvail          
000011a5  UARTConfigSetExpClk     
0000127d  UARTDisable             
000012b1  UARTEnable              
00001391  UARTFIFOEnable          
000013bb  UARTFIFOLevelSet        
000013cb  UARTIntClear            
000013ad  UARTIntEnable           
00000883  UARTIntHandler          
0000139b  UARTIntStatus           
0000026d  UARTStdioConfig         
000002b3  UARTStdioInit           
000002c9  UARTStdioInitExpClk     
000003dd  UARTgetc                
00000325  UARTgets                
00000405  UARTprintf              
000002df  UARTwrite               
20000200  __STACK_END             
00000200  __STACK_SIZE            
20000200  __STACK_TOP             
000015b0  __TI_CINIT_Base         
000015b8  __TI_CINIT_Limit        
000015a8  __TI_Handler_Table_Base 
000015b0  __TI_Handler_Table_Limit
00000ee9  __TI_auto_init          
20000208  __TI_cleanup_ptr        
0000132d  __TI_decompress_none    
000013c1  __TI_decompress_rle24   
2000020c  __TI_dtors_ptr          
00000000  __TI_static_base__      
00000e6f  __aeabi_idiv0           
00000df5  __aeabi_memclr          
00000df5  __aeabi_memclr4         
00000df5  __aeabi_memclr8         
00000d59  __aeabi_memcpy          
00000d59  __aeabi_memcpy4         
00000d59  __aeabi_memcpy8         
00000df7  __aeabi_memset          
00000df7  __aeabi_memset4         
00000df7  __aeabi_memset8         
000011e7  __aeabi_uidiv           
000011e7  __aeabi_uidivmod        
ffffffff  __binit__               
ffffffff  __c_args__              
20000000  __stack                 
00001299  _args_main              
0000107d  _c_int00                
20000200  _lock                   
000012d3  _nop                    
000012cb  _register_lock          
000012c5  _register_unlock        
000013cf  _system_pre_init        
20000204  _unlock                 
00001165  abort                   
ffffffff  binit                   
000010cd  copy_in                 
0000116d  exit                    
00000000  g_pfnVectors            
00000715  main                    
20000218  main_func_sp            
00000d59  memcpy                  
00000dfd  memset                  
000007f5  toggleFirstBit          


GLOBAL SYMBOLS: SORTED BY Symbol Address 

address   name                    
-------   ----                    
00000000  __TI_static_base__      
00000000  g_pfnVectors            
00000200  __STACK_SIZE            
0000026d  UARTStdioConfig         
000002b3  UARTStdioInit           
000002c9  UARTStdioInitExpClk     
000002df  UARTwrite               
00000325  UARTgets                
000003dd  UARTgetc                
00000405  UARTprintf              
00000715  main                    
000007c9  Timer0IntHandler        
000007f5  toggleFirstBit          
0000080f  Encryption              
00000883  UARTIntHandler          
0000097d  SysCtlClockGet          
00000b55  SysCtlClockSet          
00000c91  GPIOPadConfigSet        
00000d59  __aeabi_memcpy          
00000d59  __aeabi_memcpy4         
00000d59  __aeabi_memcpy8         
00000d59  memcpy                  
00000df5  __aeabi_memclr          
00000df5  __aeabi_memclr4         
00000df5  __aeabi_memclr8         
00000df7  __aeabi_memset          
00000df7  __aeabi_memset4         
00000df7  __aeabi_memset8         
00000dfd  memset                  
00000e6f  __aeabi_idiv0           
00000e71  SysCtlPeripheralPresent 
00000ee9  __TI_auto_init          
00000fc1  IntEnable               
00001025  SysCtlPeripheralEnable  
0000107d  _c_int00                
000010cd  copy_in                 
00001119  GPIOPinConfigure        
00001161  C$$EXIT                 
00001165  abort                   
0000116d  exit                    
000011a5  UARTConfigSetExpClk     
000011e7  __aeabi_uidiv           
000011e7  __aeabi_uidivmod        
00001227  GPIODirModeSet          
00001255  TimerConfigure          
0000127d  UARTDisable             
00001299  _args_main              
000012b1  UARTEnable              
000012c5  _register_unlock        
000012cb  _register_lock          
000012d3  _nop                    
000012d9  GPIOPinTypeGPIOOutput   
000012eb  GPIOPinTypeUART         
000012fd  TimerLoadSet            
0000130f  UARTCharPutNonBlocking  
0000131f  TimerEnable             
0000132d  __TI_decompress_none    
0000133b  CPUcpsie                
00001347  UARTCharsAvail          
00001353  ResetISR                
0000135f  GPIOPinRead             
00001369  GPIOPinWrite            
00001373  IntMasterEnable         
0000137d  UARTCharGet             
00001387  UARTCharPut             
00001391  UARTFIFOEnable          
0000139b  UARTIntStatus           
000013a5  TimerIntEnable          
000013ad  UARTIntEnable           
000013b5  SysCtlDelay             
000013bb  UARTFIFOLevelSet        
000013c1  __TI_decompress_rle24   
000013c7  TimerIntClear           
000013cb  UARTIntClear            
000013cf  _system_pre_init        
000015a8  __TI_Handler_Table_Base 
000015b0  __TI_CINIT_Base         
000015b0  __TI_Handler_Table_Limit
000015b8  __TI_CINIT_Limit        
20000000  __stack                 
20000200  __STACK_END             
20000200  __STACK_TOP             
20000200  _lock                   
20000204  _unlock                 
20000208  __TI_cleanup_ptr        
2000020c  __TI_dtors_ptr          
20000218  main_func_sp            
ffffffff  __binit__               
ffffffff  __c_args__              
ffffffff  binit                   
UNDEFED   SHT$$INIT_ARRAY$$Base   
UNDEFED   SHT$$INIT_ARRAY$$Limit  

[92 symbols]
