******************************************************************************
                  TI ARM Linker PC v5.2.5                      
******************************************************************************
>> Linked Fri Feb 23 08:38:34 2018

OUTPUT FILE NAME:   <ADC.out>
ENTRY POINT SYMBOL: "_c_int00"  address: 00001629


MEMORY CONFIGURATION

         name            origin    length      used     unused   attr    fill
----------------------  --------  ---------  --------  --------  ----  --------
  FLASH                 00000000   00040000  00001f24  0003e0dc  R  X
  SRAM                  20000000   00008000  00000238  00007dc8  RW X


SEGMENT ALLOCATION MAP

run origin  load origin   length   init length attrs members
----------  ----------- ---------- ----------- ----- -------
00000000    00000000    00001f28   00001f28    r-x
  00000000    00000000    0000026c   0000026c    r-- .intvecs
  0000026c    0000026c    000018de   000018de    r-x .text
  00001b4c    00001b4c    000003a2   000003a2    r-- .const
  00001ef0    00001ef0    00000038   00000038    r-- .cinit
20000000    20000000    00000238   00000000    rw-
  20000000    20000000    00000200   00000000    rw- .stack
  20000200    20000200    0000001c   00000000    rw- .bss
  2000021c    2000021c    0000001c   00000000    rw- .data


SECTION ALLOCATION MAP

 output                                  attributes/
section   page    origin      length       input sections
--------  ----  ----------  ----------   ----------------
.intvecs   0    00000000    0000026c     
                  00000000    0000026c     lm4f120h5qr_startup_ccs.obj (.intvecs)

.text      0    0000026c    000018de     
                  0000026c    000004a8     uartstdio.obj (.text)
                  00000714    00000420     Nokia5110_Lib.obj (.text)
                  00000b34    00000254     main.obj (.text)
                  00000d88    000001d8     driverlib-cm4f.lib : sysctl.obj (.text:SysCtlClockGet)
                  00000f60    0000013c                        : sysctl.obj (.text:SysCtlClockSet)
                  0000109c    00000136     rtsv7M4_T_le_v4SPD16_eabi.lib : fd_div_t2.obj (.text)
                  000011d2    000000c8     driverlib-cm4f.lib : gpio.obj (.text:GPIOPadConfigSet)
                  0000129a    0000009c     rtsv7M4_T_le_v4SPD16_eabi.lib : memcpy_t2.obj (.text)
                  00001336    0000007a                                   : memset_t2.obj (.text)
                  000013b0    00000078     driverlib-cm4f.lib : sysctl.obj (.text:SysCtlPeripheralPresent)
                  00001428    0000006c                        : adc.obj (.text:ADCSequenceStepConfigure)
                  00001494    0000006c     rtsv7M4_T_le_v4SPD16_eabi.lib : autoinit.obj (.text)
                  00001500    0000006a                                   : copy_decompress_rle.obj (.text)
                  0000156a    00000002                                   : i_div0.obj (.text)
                  0000156c    00000064     driverlib-cm4f.lib : interrupt.obj (.text:IntEnable)
                  000015d0    00000058                        : sysctl.obj (.text:SysCtlPeripheralEnable)
                  00001628    00000050     rtsv7M4_T_le_v4SPD16_eabi.lib : boot.obj (.text)
                  00001678    0000004c                                   : cpy_tbl.obj (.text)
                  000016c4    00000048     driverlib-cm4f.lib : gpio.obj (.text:GPIOPinConfigure)
                  0000170c    00000044                        : ssi.obj (.text:SSIConfigSetExpClk)
                  00001750    00000044     rtsv7M4_T_le_v4SPD16_eabi.lib : exit.obj (.text)
                  00001794    00000044                                   : fd_tou_t2.obj (.text)
                  000017d8    00000042     driverlib-cm4f.lib : uart.obj (.text:UARTConfigSetExpClk)
                  0000181a    00000040     rtsv7M4_T_le_v4SPD16_eabi.lib : u_divt2.obj (.text)
                  0000185a    0000002e     driverlib-cm4f.lib : adc.obj (.text:ADCIntStatus)
                  00001888    0000002e                        : gpio.obj (.text:GPIODirModeSet)
                  000018b6    0000002a                        : adc.obj (.text:ADCSequenceConfigure)
                  000018e0    00000028                        : timer.obj (.text:TimerConfigure)
                  00001908    00000020                        : adc.obj (.text:ADCSequenceDataGet)
                  00001928    00000020                        : sysctl.obj (.text:SysCtlADCSpeedSet)
                  00001948    00000020     rtsv7M4_T_le_v4SPD16_eabi.lib : u_tofd_t2.obj (.text)
                  00001968    0000001c     driverlib-cm4f.lib : uart.obj (.text:UARTDisable)
                  00001984    00000018     rtsv7M4_T_le_v4SPD16_eabi.lib : args_main.obj (.text)
                  0000199c    00000016     driverlib-cm4f.lib : adc.obj (.text:ADCProcessorTrigger)
                  000019b2    00000014                        : uart.obj (.text:UARTEnable)
                  000019c6    00000002     --HOLE-- [fill = 0]
                  000019c8    00000014     rtsv7M4_T_le_v4SPD16_eabi.lib : _lock.obj (.text)
                  000019dc    00000012     driverlib-cm4f.lib : adc.obj (.text:ADCHardwareOversampleConfigure)
                  000019ee    00000012                        : gpio.obj (.text:GPIOPinTypeADC)
                  00001a00    00000012                        : gpio.obj (.text:GPIOPinTypeGPIOOutput)
                  00001a12    00000012                        : gpio.obj (.text:GPIOPinTypeSSI)
                  00001a24    00000012                        : gpio.obj (.text:GPIOPinTypeUART)
                  00001a36    00000012                        : timer.obj (.text:TimerLoadSet)
                  00001a48    0000000e                        : adc.obj (.text:ADCSequenceDisable)
                  00001a56    0000000e                        : adc.obj (.text:ADCSequenceEnable)
                  00001a64    0000000e                        : timer.obj (.text:TimerEnable)
                  00001a72    0000000e     rtsv7M4_T_le_v4SPD16_eabi.lib : copy_decompress_none.obj (.text:decompress:none)
                  00001a80    0000000c     driverlib-cm4f.lib : cpu.obj (.text:CPUcpsie)
                  00001a8c    0000000c                        : uart.obj (.text:UARTCharsAvail)
                  00001a98    0000000c     rtsv7M4_T_le_v4SPD16_eabi.lib : copy_zero_init.obj (.text:decompress:ZI)
                  00001aa4    0000000c     lm4f120h5qr_startup_ccs.obj (.text)
                  00001ab0    0000000a     driverlib-cm4f.lib : adc.obj (.text:ADCIntClear)
                  00001aba    0000000a                        : gpio.obj (.text:GPIOPinRead)
                  00001ac4    0000000a                        : gpio.obj (.text:GPIOPinWrite)
                  00001ace    0000000a                        : interrupt.obj (.text:IntMasterEnable)
                  00001ad8    0000000a                        : ssi.obj (.text:SSIDataPut)
                  00001ae2    0000000a                        : ssi.obj (.text:SSIEnable)
                  00001aec    0000000a                        : uart.obj (.text:UARTCharGet)
                  00001af6    0000000a                        : uart.obj (.text:UARTCharPut)
                  00001b00    0000000a                        : uart.obj (.text:UARTFIFOEnable)
                  00001b0a    0000000a                        : uart.obj (.text:UARTIntStatus)
                  00001b14    00000008                        : ssi.obj (.text:SSIBusy)
                  00001b1c    00000008                        : timer.obj (.text:TimerIntEnable)
                  00001b24    00000008                        : uart.obj (.text:UARTIntEnable)
                  00001b2c    00000006                        : sysctl.obj (.text:SysCtlDelay)
                  00001b32    00000006                        : uart.obj (.text:UARTFIFOLevelSet)
                  00001b38    00000006     rtsv7M4_T_le_v4SPD16_eabi.lib : copy_decompress_rle.obj (.text:decompress:rle24)
                  00001b3e    00000004     driverlib-cm4f.lib : timer.obj (.text:TimerIntClear)
                  00001b42    00000004                        : uart.obj (.text:UARTIntClear)
                  00001b46    00000004     rtsv7M4_T_le_v4SPD16_eabi.lib : pre_init.obj (.text)

.const     0    00001b4c    000003a2     
                  00001b4c    000001e0     Nokia5110_Lib.obj (.const:ASCII)
                  00001d2c    00000078     driverlib-cm4f.lib : gpio.obj (.const:g_pulGPIOBaseAddrs)
                  00001da4    00000070                        : interrupt.obj (.const)
                  00001e14    0000006c                        : sysctl.obj (.const:g_pulXtals)
                  00001e80    00000040                        : sysctl.obj (.const)
                  00001ec0    0000001c     uartstdio.obj (.const)
                  00001edc    00000012     uartstdio.obj (.const:.string)

.cinit     0    00001ef0    00000038     
                  00001ef0    0000000f     (.cinit..data.load) [load image, compression = rle]
                  00001eff    00000001     --HOLE-- [fill = 0]
                  00001f00    0000000c     (__TI_handler_table)
                  00001f0c    00000004     --HOLE-- [fill = 0]
                  00001f10    00000008     (.cinit..bss.load) [load image, compression = zero_init]
                  00001f18    00000010     (__TI_cinit_table)

.init_array 
*          0    00000000    00000000     UNINITIALIZED

.stack     0    20000000    00000200     UNINITIALIZED
                  20000000    00000200     --HOLE--

.bss       0    20000200    0000001c     UNINITIALIZED
                  20000200    00000010     (.common:ulADC0Value)
                  20000210    00000008     (.common:ulVoltageAvg)
                  20000218    00000004     (.common:ulPeriod)

.TI.noinit 
*          0    20000200    00000000     UNINITIALIZED

.data      0    2000021c    0000001c     UNINITIALIZED
                  2000021c    00000008     rtsv7M4_T_le_v4SPD16_eabi.lib : _lock.obj (.data)
                  20000224    00000008                                   : exit.obj (.data)
                  2000022c    00000005     uartstdio.obj (.data)
                  20000231    00000003     --HOLE--
                  20000234    00000004     rtsv7M4_T_le_v4SPD16_eabi.lib : stkdepth_vars.obj (.data)

.TI.persistent 
*          0    2000021c    00000000     UNINITIALIZED


LINKER GENERATED COPY TABLES

__TI_cinit_table @ 00001f18 records: 2, size/record: 8, table size: 16
	.data: load addr=00001ef0, load size=0000000f bytes, run addr=2000021c, run size=0000001c bytes, compression=rle
	.bss: load addr=00001f10, load size=00000008 bytes, run addr=20000200, run size=0000001c bytes, compression=zero_init


LINKER GENERATED HANDLER TABLE

__TI_handler_table @ 00001f00 records: 3, size/record: 4, table size: 12
	index: 0, handler: __TI_decompress_rle24
	index: 1, handler: __TI_decompress_none
	index: 2, handler: __TI_zero_init


GLOBAL SYMBOLS: SORTED ALPHABETICALLY BY Name 

address   name                          
-------   ----                          
000019dd  ADCHardwareOversampleConfigure
00001ab1  ADCIntClear                   
0000185b  ADCIntStatus                  
0000199d  ADCProcessorTrigger           
000018b7  ADCSequenceConfigure          
00001909  ADCSequenceDataGet            
00001a49  ADCSequenceDisable            
00001a57  ADCSequenceEnable             
00001429  ADCSequenceStepConfigure      
00001751  C$$EXIT                       
00001a81  CPUcpsie                      
00001889  GPIODirModeSet                
000011d3  GPIOPadConfigSet              
000016c5  GPIOPinConfigure              
00001abb  GPIOPinRead                   
000019ef  GPIOPinTypeADC                
00001a01  GPIOPinTypeGPIOOutput         
00001a13  GPIOPinTypeSSI                
00001a25  GPIOPinTypeUART               
00001ac5  GPIOPinWrite                  
0000156d  IntEnable                     
00001acf  IntMasterEnable               
00000abd  Nokia5110_Clear               
00000aeb  Nokia5110_DrawFullImage       
000007cd  Nokia5110_Init                
00000829  Nokia5110_OutChar             
0000086f  Nokia5110_OutString           
0000088d  Nokia5110_OutUDec             
00000a7d  Nokia5110_SetCursor           
00001aa5  ResetISR                      
UNDEFED   SHT$$INIT_ARRAY$$Base         
UNDEFED   SHT$$INIT_ARRAY$$Limit        
00001b15  SSIBusy                       
0000170d  SSIConfigSetExpClk            
00001ad9  SSIDataPut                    
00001ae3  SSIEnable                     
00000715  SSI_Init                      
00001929  SysCtlADCSpeedSet             
00000d89  SysCtlClockGet                
00000f61  SysCtlClockSet                
00001b2d  SysCtlDelay                   
000015d1  SysCtlPeripheralEnable        
000013b1  SysCtlPeripheralPresent       
00000cc5  Timer0IntHandler              
000018e1  TimerConfigure                
00001a65  TimerEnable                   
00001b3f  TimerIntClear                 
00001b1d  TimerIntEnable                
00001a37  TimerLoadSet                  
00001aed  UARTCharGet                   
00001af7  UARTCharPut                   
00001a8d  UARTCharsAvail                
000017d9  UARTConfigSetExpClk           
00001969  UARTDisable                   
000019b3  UARTEnable                    
00001b01  UARTFIFOEnable                
00001b33  UARTFIFOLevelSet              
00001b43  UARTIntClear                  
00001b25  UARTIntEnable                 
00000d0b  UARTIntHandler                
00001b0b  UARTIntStatus                 
0000026d  UARTStdioConfig               
000002b3  UARTStdioInit                 
000002c9  UARTStdioInitExpClk           
000003dd  UARTgetc                      
00000325  UARTgets                      
00000405  UARTprintf                    
000002df  UARTwrite                     
20000200  __STACK_END                   
00000200  __STACK_SIZE                  
20000200  __STACK_TOP                   
00001f18  __TI_CINIT_Base               
00001f28  __TI_CINIT_Limit              
00001f00  __TI_Handler_Table_Base       
00001f0c  __TI_Handler_Table_Limit      
00001495  __TI_auto_init                
20000224  __TI_cleanup_ptr              
00001a73  __TI_decompress_none          
00001b39  __TI_decompress_rle24         
20000228  __TI_dtors_ptr                
00000000  __TI_static_base__            
00001a99  __TI_zero_init                
00001795  __aeabi_d2uiz                 
0000109d  __aeabi_ddiv                  
0000156b  __aeabi_idiv0                 
00001337  __aeabi_memclr                
00001337  __aeabi_memclr4               
00001337  __aeabi_memclr8               
0000129b  __aeabi_memcpy                
0000129b  __aeabi_memcpy4               
0000129b  __aeabi_memcpy8               
00001339  __aeabi_memset                
00001339  __aeabi_memset4               
00001339  __aeabi_memset8               
00001949  __aeabi_ui2d                  
0000181b  __aeabi_uidiv                 
0000181b  __aeabi_uidivmod              
ffffffff  __binit__                     
ffffffff  __c_args__                    
20000000  __stack                       
00001985  _args_main                    
00001629  _c_int00                      
2000021c  _lock                         
000019d7  _nop                          
000019cf  _register_lock                
000019c9  _register_unlock              
00001b47  _system_pre_init              
20000220  _unlock                       
00001755  abort                         
ffffffff  binit                         
00001679  copy_in                       
0000175d  exit                          
00000000  g_pfnVectors                  
00000b35  main                          
20000234  main_func_sp                  
0000129b  memcpy                        
0000133f  memset                        
20000200  ulADC0Value                   
20000218  ulPeriod                      
20000210  ulVoltageAvg                  


GLOBAL SYMBOLS: SORTED BY Symbol Address 

address   name                          
-------   ----                          
00000000  __TI_static_base__            
00000000  g_pfnVectors                  
00000200  __STACK_SIZE                  
0000026d  UARTStdioConfig               
000002b3  UARTStdioInit                 
000002c9  UARTStdioInitExpClk           
000002df  UARTwrite                     
00000325  UARTgets                      
000003dd  UARTgetc                      
00000405  UARTprintf                    
00000715  SSI_Init                      
000007cd  Nokia5110_Init                
00000829  Nokia5110_OutChar             
0000086f  Nokia5110_OutString           
0000088d  Nokia5110_OutUDec             
00000a7d  Nokia5110_SetCursor           
00000abd  Nokia5110_Clear               
00000aeb  Nokia5110_DrawFullImage       
00000b35  main                          
00000cc5  Timer0IntHandler              
00000d0b  UARTIntHandler                
00000d89  SysCtlClockGet                
00000f61  SysCtlClockSet                
0000109d  __aeabi_ddiv                  
000011d3  GPIOPadConfigSet              
0000129b  __aeabi_memcpy                
0000129b  __aeabi_memcpy4               
0000129b  __aeabi_memcpy8               
0000129b  memcpy                        
00001337  __aeabi_memclr                
00001337  __aeabi_memclr4               
00001337  __aeabi_memclr8               
00001339  __aeabi_memset                
00001339  __aeabi_memset4               
00001339  __aeabi_memset8               
0000133f  memset                        
000013b1  SysCtlPeripheralPresent       
00001429  ADCSequenceStepConfigure      
00001495  __TI_auto_init                
0000156b  __aeabi_idiv0                 
0000156d  IntEnable                     
000015d1  SysCtlPeripheralEnable        
00001629  _c_int00                      
00001679  copy_in                       
000016c5  GPIOPinConfigure              
0000170d  SSIConfigSetExpClk            
00001751  C$$EXIT                       
00001755  abort                         
0000175d  exit                          
00001795  __aeabi_d2uiz                 
000017d9  UARTConfigSetExpClk           
0000181b  __aeabi_uidiv                 
0000181b  __aeabi_uidivmod              
0000185b  ADCIntStatus                  
00001889  GPIODirModeSet                
000018b7  ADCSequenceConfigure          
000018e1  TimerConfigure                
00001909  ADCSequenceDataGet            
00001929  SysCtlADCSpeedSet             
00001949  __aeabi_ui2d                  
00001969  UARTDisable                   
00001985  _args_main                    
0000199d  ADCProcessorTrigger           
000019b3  UARTEnable                    
000019c9  _register_unlock              
000019cf  _register_lock                
000019d7  _nop                          
000019dd  ADCHardwareOversampleConfigure
000019ef  GPIOPinTypeADC                
00001a01  GPIOPinTypeGPIOOutput         
00001a13  GPIOPinTypeSSI                
00001a25  GPIOPinTypeUART               
00001a37  TimerLoadSet                  
00001a49  ADCSequenceDisable            
00001a57  ADCSequenceEnable             
00001a65  TimerEnable                   
00001a73  __TI_decompress_none          
00001a81  CPUcpsie                      
00001a8d  UARTCharsAvail                
00001a99  __TI_zero_init                
00001aa5  ResetISR                      
00001ab1  ADCIntClear                   
00001abb  GPIOPinRead                   
00001ac5  GPIOPinWrite                  
00001acf  IntMasterEnable               
00001ad9  SSIDataPut                    
00001ae3  SSIEnable                     
00001aed  UARTCharGet                   
00001af7  UARTCharPut                   
00001b01  UARTFIFOEnable                
00001b0b  UARTIntStatus                 
00001b15  SSIBusy                       
00001b1d  TimerIntEnable                
00001b25  UARTIntEnable                 
00001b2d  SysCtlDelay                   
00001b33  UARTFIFOLevelSet              
00001b39  __TI_decompress_rle24         
00001b3f  TimerIntClear                 
00001b43  UARTIntClear                  
00001b47  _system_pre_init              
00001f00  __TI_Handler_Table_Base       
00001f0c  __TI_Handler_Table_Limit      
00001f18  __TI_CINIT_Base               
00001f28  __TI_CINIT_Limit              
20000000  __stack                       
20000200  __STACK_END                   
20000200  __STACK_TOP                   
20000200  ulADC0Value                   
20000210  ulVoltageAvg                  
20000218  ulPeriod                      
2000021c  _lock                         
20000220  _unlock                       
20000224  __TI_cleanup_ptr              
20000228  __TI_dtors_ptr                
20000234  main_func_sp                  
ffffffff  __binit__                     
ffffffff  __c_args__                    
ffffffff  binit                         
UNDEFED   SHT$$INIT_ARRAY$$Base         
UNDEFED   SHT$$INIT_ARRAY$$Limit        

[120 symbols]
