<?xml version="1.0"?>
<link_info>
   <banner>TI ARM Linker PC v5.2.5</banner>
   <copyright>Copyright (c) 1996-2015 Texas Instruments Incorporated</copyright>
   <link_time>0x5a7d3b2a</link_time>
   <link_errors>0x0</link_errors>
   <output_file>Copy (2) of Template.out</output_file>
   <entry_point>
      <name>_c_int00</name>
      <address>0x1255</address>
   </entry_point>
   <input_file_list>
      <input_file id="fl-2">
         <path>.\</path>
         <kind>object</kind>
         <file>lm4f120h5qr_startup_ccs.obj</file>
         <name>lm4f120h5qr_startup_ccs.obj</name>
      </input_file>
      <input_file id="fl-3">
         <path>.\</path>
         <kind>object</kind>
         <file>main.obj</file>
         <name>main.obj</name>
      </input_file>
      <input_file id="fl-4">
         <path>.\</path>
         <kind>object</kind>
         <file>uartstdio.obj</file>
         <name>uartstdio.obj</name>
      </input_file>
      <input_file id="fl-12b">
         <path>C:\ti\ccsv6\tools\compiler\ti-cgt-arm_5.2.5\lib\</path>
         <kind>archive</kind>
         <file>rtsv7M4_T_le_v4SPD16_eabi.lib</file>
         <name>boot.obj</name>
      </input_file>
      <input_file id="fl-12c">
         <path>C:\ti\ccsv6\tools\compiler\ti-cgt-arm_5.2.5\lib\</path>
         <kind>archive</kind>
         <file>rtsv7M4_T_le_v4SPD16_eabi.lib</file>
         <name>copy_decompress_none.obj</name>
      </input_file>
      <input_file id="fl-12d">
         <path>C:\ti\ccsv6\tools\compiler\ti-cgt-arm_5.2.5\lib\</path>
         <kind>archive</kind>
         <file>rtsv7M4_T_le_v4SPD16_eabi.lib</file>
         <name>copy_decompress_rle.obj</name>
      </input_file>
      <input_file id="fl-12e">
         <path>C:\ti\ccsv6\tools\compiler\ti-cgt-arm_5.2.5\lib\</path>
         <kind>archive</kind>
         <file>rtsv7M4_T_le_v4SPD16_eabi.lib</file>
         <name>copy_zero_init.obj</name>
      </input_file>
      <input_file id="fl-12f">
         <path>C:\ti\ccsv6\tools\compiler\ti-cgt-arm_5.2.5\lib\</path>
         <kind>archive</kind>
         <file>rtsv7M4_T_le_v4SPD16_eabi.lib</file>
         <name>exit.obj</name>
      </input_file>
      <input_file id="fl-130">
         <path>C:\ti\ccsv6\tools\compiler\ti-cgt-arm_5.2.5\lib\</path>
         <kind>archive</kind>
         <file>rtsv7M4_T_le_v4SPD16_eabi.lib</file>
         <name>memcpy_t2.obj</name>
      </input_file>
      <input_file id="fl-131">
         <path>C:\ti\ccsv6\tools\compiler\ti-cgt-arm_5.2.5\lib\</path>
         <kind>archive</kind>
         <file>rtsv7M4_T_le_v4SPD16_eabi.lib</file>
         <name>memset_t2.obj</name>
      </input_file>
      <input_file id="fl-132">
         <path>C:\ti\ccsv6\tools\compiler\ti-cgt-arm_5.2.5\lib\</path>
         <kind>archive</kind>
         <file>rtsv7M4_T_le_v4SPD16_eabi.lib</file>
         <name>pre_init.obj</name>
      </input_file>
      <input_file id="fl-133">
         <path>C:\ti\ccsv6\tools\compiler\ti-cgt-arm_5.2.5\lib\</path>
         <kind>archive</kind>
         <file>rtsv7M4_T_le_v4SPD16_eabi.lib</file>
         <name>stkdepth_vars.obj</name>
      </input_file>
      <input_file id="fl-134">
         <path>C:\ti\ccsv6\tools\compiler\ti-cgt-arm_5.2.5\lib\</path>
         <kind>archive</kind>
         <file>rtsv7M4_T_le_v4SPD16_eabi.lib</file>
         <name>u_divt2.obj</name>
      </input_file>
      <input_file id="fl-135">
         <path>C:\ti\ccsv6\tools\compiler\ti-cgt-arm_5.2.5\lib\</path>
         <kind>archive</kind>
         <file>rtsv7M4_T_le_v4SPD16_eabi.lib</file>
         <name>_lock.obj</name>
      </input_file>
      <input_file id="fl-136">
         <path>C:\ti\ccsv6\tools\compiler\ti-cgt-arm_5.2.5\lib\</path>
         <kind>archive</kind>
         <file>rtsv7M4_T_le_v4SPD16_eabi.lib</file>
         <name>args_main.obj</name>
      </input_file>
      <input_file id="fl-137">
         <path>C:\ti\ccsv6\tools\compiler\ti-cgt-arm_5.2.5\lib\</path>
         <kind>archive</kind>
         <file>rtsv7M4_T_le_v4SPD16_eabi.lib</file>
         <name>autoinit.obj</name>
      </input_file>
      <input_file id="fl-138">
         <path>C:\ti\ccsv6\tools\compiler\ti-cgt-arm_5.2.5\lib\</path>
         <kind>archive</kind>
         <file>rtsv7M4_T_le_v4SPD16_eabi.lib</file>
         <name>cpy_tbl.obj</name>
      </input_file>
      <input_file id="fl-139">
         <path>C:\ti\ccsv6\tools\compiler\ti-cgt-arm_5.2.5\lib\</path>
         <kind>archive</kind>
         <file>rtsv7M4_T_le_v4SPD16_eabi.lib</file>
         <name>i_div0.obj</name>
      </input_file>
      <input_file id="fl-13a">
         <path>C:\StellarisWare\driverlib\ccs-cm4f\Debug\</path>
         <kind>archive</kind>
         <file>driverlib-cm4f.lib</file>
         <name>uart.obj</name>
      </input_file>
      <input_file id="fl-13b">
         <path>C:\StellarisWare\driverlib\ccs-cm4f\Debug\</path>
         <kind>archive</kind>
         <file>driverlib-cm4f.lib</file>
         <name>timer.obj</name>
      </input_file>
      <input_file id="fl-13c">
         <path>C:\StellarisWare\driverlib\ccs-cm4f\Debug\</path>
         <kind>archive</kind>
         <file>driverlib-cm4f.lib</file>
         <name>sysctl.obj</name>
      </input_file>
      <input_file id="fl-13d">
         <path>C:\StellarisWare\driverlib\ccs-cm4f\Debug\</path>
         <kind>archive</kind>
         <file>driverlib-cm4f.lib</file>
         <name>interrupt.obj</name>
      </input_file>
      <input_file id="fl-13e">
         <path>C:\StellarisWare\driverlib\ccs-cm4f\Debug\</path>
         <kind>archive</kind>
         <file>driverlib-cm4f.lib</file>
         <name>gpio.obj</name>
      </input_file>
      <input_file id="fl-13f">
         <path>C:\StellarisWare\driverlib\ccs-cm4f\Debug\</path>
         <kind>archive</kind>
         <file>driverlib-cm4f.lib</file>
         <name>cpu.obj</name>
      </input_file>
   </input_file_list>
   <object_component_list>
      <object_component id="oc-f">
         <name>.intvecs</name>
         <load_address>0x0</load_address>
         <run_address>0x0</run_address>
         <size>0x26c</size>
         <input_file_ref idref="fl-2"/>
      </object_component>
      <object_component id="oc-a7">
         <name>.text</name>
         <load_address>0x26c</load_address>
         <run_address>0x26c</run_address>
         <size>0x4a8</size>
         <input_file_ref idref="fl-4"/>
      </object_component>
      <object_component id="oc-30">
         <name>.text</name>
         <load_address>0x714</load_address>
         <run_address>0x714</run_address>
         <size>0x440</size>
         <input_file_ref idref="fl-3"/>
      </object_component>
      <object_component id="oc-8f">
         <name>.text:SysCtlClockGet</name>
         <load_address>0xb54</load_address>
         <run_address>0xb54</run_address>
         <size>0x1d8</size>
         <input_file_ref idref="fl-13c"/>
      </object_component>
      <object_component id="oc-7b">
         <name>.text:SysCtlClockSet</name>
         <load_address>0xd2c</load_address>
         <run_address>0xd2c</run_address>
         <size>0x13c</size>
         <input_file_ref idref="fl-13c"/>
      </object_component>
      <object_component id="oc-129">
         <name>.text:GPIOPadConfigSet</name>
         <load_address>0xe68</load_address>
         <run_address>0xe68</run_address>
         <size>0xc8</size>
         <input_file_ref idref="fl-13e"/>
      </object_component>
      <object_component id="oc-39">
         <name>.text</name>
         <load_address>0xf30</load_address>
         <run_address>0xf30</run_address>
         <size>0x9c</size>
         <input_file_ref idref="fl-130"/>
      </object_component>
      <object_component id="oc-52">
         <name>.text</name>
         <load_address>0xfcc</load_address>
         <run_address>0xfcc</run_address>
         <size>0x7a</size>
         <input_file_ref idref="fl-131"/>
      </object_component>
      <object_component id="oc-1c2">
         <name>.text</name>
         <load_address>0x1046</load_address>
         <run_address>0x1046</run_address>
         <size>0x2</size>
         <input_file_ref idref="fl-139"/>
      </object_component>
      <object_component id="oc-14b">
         <name>.text:SysCtlPeripheralPresent</name>
         <load_address>0x1048</load_address>
         <run_address>0x1048</run_address>
         <size>0x78</size>
         <input_file_ref idref="fl-13c"/>
      </object_component>
      <object_component id="oc-64">
         <name>.text</name>
         <load_address>0x10c0</load_address>
         <run_address>0x10c0</run_address>
         <size>0x6c</size>
         <input_file_ref idref="fl-137"/>
      </object_component>
      <object_component id="oc-45">
         <name>.text</name>
         <load_address>0x112c</load_address>
         <run_address>0x112c</run_address>
         <size>0x6a</size>
         <input_file_ref idref="fl-12d"/>
      </object_component>
      <object_component id="oc-9f">
         <name>.text:IntEnable</name>
         <load_address>0x1198</load_address>
         <run_address>0x1198</run_address>
         <size>0x64</size>
         <input_file_ref idref="fl-13d"/>
      </object_component>
      <object_component id="oc-7f">
         <name>.text:SysCtlPeripheralEnable</name>
         <load_address>0x11fc</load_address>
         <run_address>0x11fc</run_address>
         <size>0x58</size>
         <input_file_ref idref="fl-13c"/>
      </object_component>
      <object_component id="oc-24">
         <name>.text</name>
         <load_address>0x1254</load_address>
         <run_address>0x1254</run_address>
         <size>0x50</size>
         <input_file_ref idref="fl-12b"/>
      </object_component>
      <object_component id="oc-10a">
         <name>.text</name>
         <load_address>0x12a4</load_address>
         <run_address>0x12a4</run_address>
         <size>0x4c</size>
         <input_file_ref idref="fl-138"/>
      </object_component>
      <object_component id="oc-87">
         <name>.text:GPIOPinConfigure</name>
         <load_address>0x12f0</load_address>
         <run_address>0x12f0</run_address>
         <size>0x48</size>
         <input_file_ref idref="fl-13e"/>
      </object_component>
      <object_component id="oc-70">
         <name>.text</name>
         <load_address>0x1338</load_address>
         <run_address>0x1338</run_address>
         <size>0x44</size>
         <input_file_ref idref="fl-12f"/>
      </object_component>
      <object_component id="oc-93">
         <name>.text:UARTConfigSetExpClk</name>
         <load_address>0x137c</load_address>
         <run_address>0x137c</run_address>
         <size>0x42</size>
         <input_file_ref idref="fl-13a"/>
      </object_component>
      <object_component id="oc-159">
         <name>.text</name>
         <load_address>0x13be</load_address>
         <run_address>0x13be</run_address>
         <size>0x40</size>
         <input_file_ref idref="fl-134"/>
      </object_component>
      <object_component id="oc-12d">
         <name>.text:GPIODirModeSet</name>
         <load_address>0x13fe</load_address>
         <run_address>0x13fe</run_address>
         <size>0x2e</size>
         <input_file_ref idref="fl-13e"/>
      </object_component>
      <object_component id="oc-ad">
         <name>.text:TimerConfigure</name>
         <load_address>0x142c</load_address>
         <run_address>0x142c</run_address>
         <size>0x28</size>
         <input_file_ref idref="fl-13b"/>
      </object_component>
      <object_component id="oc-13a">
         <name>.text:UARTDisable</name>
         <load_address>0x1454</load_address>
         <run_address>0x1454</run_address>
         <size>0x1c</size>
         <input_file_ref idref="fl-13a"/>
      </object_component>
      <object_component id="oc-6a">
         <name>.text</name>
         <load_address>0x1470</load_address>
         <run_address>0x1470</run_address>
         <size>0x18</size>
         <input_file_ref idref="fl-136"/>
      </object_component>
      <object_component id="oc-13e">
         <name>.text:UARTEnable</name>
         <load_address>0x1488</load_address>
         <run_address>0x1488</run_address>
         <size>0x14</size>
         <input_file_ref idref="fl-13a"/>
      </object_component>
      <object_component id="oc-199">
         <name>.text</name>
         <load_address>0x149c</load_address>
         <run_address>0x149c</run_address>
         <size>0x14</size>
         <input_file_ref idref="fl-135"/>
      </object_component>
      <object_component id="oc-83">
         <name>.text:GPIOPinTypeGPIOOutput</name>
         <load_address>0x14b0</load_address>
         <run_address>0x14b0</run_address>
         <size>0x12</size>
         <input_file_ref idref="fl-13e"/>
      </object_component>
      <object_component id="oc-8b">
         <name>.text:GPIOPinTypeUART</name>
         <load_address>0x14c2</load_address>
         <run_address>0x14c2</run_address>
         <size>0x12</size>
         <input_file_ref idref="fl-13e"/>
      </object_component>
      <object_component id="oc-b1">
         <name>.text:TimerLoadSet</name>
         <load_address>0x14d4</load_address>
         <run_address>0x14d4</run_address>
         <size>0x12</size>
         <input_file_ref idref="fl-13b"/>
      </object_component>
      <object_component id="oc-d9">
         <name>.text:UARTCharPutNonBlocking</name>
         <load_address>0x14e6</load_address>
         <run_address>0x14e6</run_address>
         <size>0x10</size>
         <input_file_ref idref="fl-13a"/>
      </object_component>
      <object_component id="oc-b9">
         <name>.text:TimerEnable</name>
         <load_address>0x14f6</load_address>
         <run_address>0x14f6</run_address>
         <size>0xe</size>
         <input_file_ref idref="fl-13b"/>
      </object_component>
      <object_component id="oc-12">
         <name>.text:decompress:none</name>
         <load_address>0x1504</load_address>
         <run_address>0x1504</run_address>
         <size>0xe</size>
         <input_file_ref idref="fl-12c"/>
      </object_component>
      <object_component id="oc-16a">
         <name>.text:CPUcpsie</name>
         <load_address>0x1512</load_address>
         <run_address>0x1512</run_address>
         <size>0xc</size>
         <input_file_ref idref="fl-13f"/>
      </object_component>
      <object_component id="oc-dd">
         <name>.text:UARTCharsAvail</name>
         <load_address>0x151e</load_address>
         <run_address>0x151e</run_address>
         <size>0xc</size>
         <input_file_ref idref="fl-13a"/>
      </object_component>
      <object_component id="oc-1e">
         <name>.text:decompress:ZI</name>
         <load_address>0x152a</load_address>
         <run_address>0x152a</run_address>
         <size>0xc</size>
         <input_file_ref idref="fl-12e"/>
      </object_component>
      <object_component id="oc-2a">
         <name>.text</name>
         <load_address>0x1536</load_address>
         <run_address>0x1536</run_address>
         <size>0xc</size>
         <input_file_ref idref="fl-2"/>
      </object_component>
      <object_component id="oc-c5">
         <name>.text:GPIOPinRead</name>
         <load_address>0x1542</load_address>
         <run_address>0x1542</run_address>
         <size>0xa</size>
         <input_file_ref idref="fl-13e"/>
      </object_component>
      <object_component id="oc-c9">
         <name>.text:GPIOPinWrite</name>
         <load_address>0x154c</load_address>
         <run_address>0x154c</run_address>
         <size>0xa</size>
         <input_file_ref idref="fl-13e"/>
      </object_component>
      <object_component id="oc-bd">
         <name>.text:IntMasterEnable</name>
         <load_address>0x1556</load_address>
         <run_address>0x1556</run_address>
         <size>0xa</size>
         <input_file_ref idref="fl-13d"/>
      </object_component>
      <object_component id="oc-d5">
         <name>.text:UARTCharGet</name>
         <load_address>0x1560</load_address>
         <run_address>0x1560</run_address>
         <size>0xa</size>
         <input_file_ref idref="fl-13a"/>
      </object_component>
      <object_component id="oc-14f">
         <name>.text:UARTCharPut</name>
         <load_address>0x156a</load_address>
         <run_address>0x156a</run_address>
         <size>0xa</size>
         <input_file_ref idref="fl-13a"/>
      </object_component>
      <object_component id="oc-9b">
         <name>.text:UARTFIFOEnable</name>
         <load_address>0x1574</load_address>
         <run_address>0x1574</run_address>
         <size>0xa</size>
         <input_file_ref idref="fl-13a"/>
      </object_component>
      <object_component id="oc-cd">
         <name>.text:UARTIntStatus</name>
         <load_address>0x157e</load_address>
         <run_address>0x157e</run_address>
         <size>0xa</size>
         <input_file_ref idref="fl-13a"/>
      </object_component>
      <object_component id="oc-b5">
         <name>.text:TimerIntEnable</name>
         <load_address>0x1588</load_address>
         <run_address>0x1588</run_address>
         <size>0x8</size>
         <input_file_ref idref="fl-13b"/>
      </object_component>
      <object_component id="oc-a3">
         <name>.text:UARTIntEnable</name>
         <load_address>0x1590</load_address>
         <run_address>0x1590</run_address>
         <size>0x8</size>
         <input_file_ref idref="fl-13a"/>
      </object_component>
      <object_component id="oc-11f">
         <name>.text:SysCtlDelay</name>
         <load_address>0x1598</load_address>
         <run_address>0x1598</run_address>
         <size>0x6</size>
         <input_file_ref idref="fl-13c"/>
      </object_component>
      <object_component id="oc-97">
         <name>.text:UARTFIFOLevelSet</name>
         <load_address>0x159e</load_address>
         <run_address>0x159e</run_address>
         <size>0x6</size>
         <input_file_ref idref="fl-13a"/>
      </object_component>
      <object_component id="oc-18">
         <name>.text:decompress:rle24</name>
         <load_address>0x15a4</load_address>
         <run_address>0x15a4</run_address>
         <size>0x6</size>
         <input_file_ref idref="fl-12d"/>
      </object_component>
      <object_component id="oc-c1">
         <name>.text:TimerIntClear</name>
         <load_address>0x15aa</load_address>
         <run_address>0x15aa</run_address>
         <size>0x4</size>
         <input_file_ref idref="fl-13b"/>
      </object_component>
      <object_component id="oc-d1">
         <name>.text:UARTIntClear</name>
         <load_address>0x15ae</load_address>
         <run_address>0x15ae</run_address>
         <size>0x4</size>
         <input_file_ref idref="fl-13a"/>
      </object_component>
      <object_component id="oc-5e">
         <name>.text</name>
         <load_address>0x15b2</load_address>
         <run_address>0x15b2</run_address>
         <size>0x4</size>
         <input_file_ref idref="fl-132"/>
      </object_component>
      <object_component id="oc-132">
         <name>.const:g_pulGPIOBaseAddrs</name>
         <load_address>0x15b8</load_address>
         <run_address>0x15b8</run_address>
         <size>0x78</size>
         <input_file_ref idref="fl-13e"/>
      </object_component>
      <object_component id="oc-146">
         <name>.const</name>
         <load_address>0x1630</load_address>
         <run_address>0x1630</run_address>
         <size>0x70</size>
         <input_file_ref idref="fl-13d"/>
      </object_component>
      <object_component id="oc-137">
         <name>.const:g_pulXtals</name>
         <load_address>0x16a0</load_address>
         <run_address>0x16a0</run_address>
         <size>0x6c</size>
         <input_file_ref idref="fl-13c"/>
      </object_component>
      <object_component id="oc-126">
         <name>.const</name>
         <load_address>0x170c</load_address>
         <run_address>0x170c</run_address>
         <size>0x40</size>
         <input_file_ref idref="fl-13c"/>
      </object_component>
      <object_component id="oc-153">
         <name>.const</name>
         <load_address>0x174c</load_address>
         <run_address>0x174c</run_address>
         <size>0x1c</size>
         <input_file_ref idref="fl-4"/>
      </object_component>
      <object_component id="oc-1bd">
         <name>.const:.string</name>
         <load_address>0x1768</load_address>
         <run_address>0x1768</run_address>
         <size>0x12</size>
         <input_file_ref idref="fl-4"/>
      </object_component>
      <object_component id="oc-1fc">
         <name>.cinit..data.load</name>
         <load_address>0x1780</load_address>
         <run_address>0x1780</run_address>
         <size>0x12</size>
      </object_component>
      <object_component id="oc-1fa">
         <name>__TI_handler_table</name>
         <load_address>0x1794</load_address>
         <run_address>0x1794</run_address>
         <size>0xc</size>
      </object_component>
      <object_component id="oc-1fd">
         <name>.cinit..bss.load</name>
         <load_address>0x17a0</load_address>
         <run_address>0x17a0</run_address>
         <size>0x8</size>
      </object_component>
      <object_component id="oc-1fb">
         <name>__TI_cinit_table</name>
         <load_address>0x17a8</load_address>
         <run_address>0x17a8</run_address>
         <size>0x10</size>
      </object_component>
      <object_component id="oc-29">
         <name>.stack</name>
         <uninitialized>true</uninitialized>
         <run_address>0x20000000</run_address>
         <size>0x0</size>
         <input_file_ref idref="fl-12b"/>
      </object_component>
      <object_component id="oc-1fe">
         <name>.stack</name>
         <uninitialized>true</uninitialized>
         <run_address>0x20000000</run_address>
         <size>0x0</size>
      </object_component>
      <object_component id="oc-e8">
         <name>.common:mIndex</name>
         <uninitialized>true</uninitialized>
         <run_address>0x20000254</run_address>
         <size>0x4</size>
      </object_component>
      <object_component id="oc-e4">
         <name>.common:Ekey</name>
         <uninitialized>true</uninitialized>
         <run_address>0x20000250</run_address>
         <size>0x4</size>
      </object_component>
      <object_component id="oc-e1">
         <name>.common:message</name>
         <uninitialized>true</uninitialized>
         <run_address>0x2000023c</run_address>
         <size>0x14</size>
      </object_component>
      <object_component id="oc-e5">
         <name>.data</name>
         <load_address>0x20000200</load_address>
         <run_address>0x20000200</run_address>
         <size>0x20</size>
         <input_file_ref idref="fl-3"/>
      </object_component>
      <object_component id="oc-156">
         <name>.data</name>
         <load_address>0x20000230</load_address>
         <run_address>0x20000230</run_address>
         <size>0x5</size>
         <input_file_ref idref="fl-4"/>
      </object_component>
      <object_component id="oc-117">
         <name>.data</name>
         <load_address>0x20000228</load_address>
         <run_address>0x20000228</run_address>
         <size>0x8</size>
         <input_file_ref idref="fl-12f"/>
      </object_component>
      <object_component id="oc-76">
         <name>.data</name>
         <load_address>0x20000238</load_address>
         <run_address>0x20000238</run_address>
         <size>0x4</size>
         <input_file_ref idref="fl-133"/>
      </object_component>
      <object_component id="oc-114">
         <name>.data</name>
         <load_address>0x20000220</load_address>
         <run_address>0x20000220</run_address>
         <size>0x8</size>
         <input_file_ref idref="fl-135"/>
      </object_component>
      <object_component id="oc-38">
         <name>.debug_info</name>
         <load_address>0x0</load_address>
         <run_address>0x0</run_address>
         <size>0x161</size>
         <input_file_ref idref="fl-2"/>
      </object_component>
      <object_component id="oc-10">
         <name>.debug_info</name>
         <load_address>0x161</load_address>
         <run_address>0x161</run_address>
         <size>0xfa</size>
         <input_file_ref idref="fl-2"/>
      </object_component>
      <object_component id="oc-2b">
         <name>.debug_info</name>
         <load_address>0x25b</load_address>
         <run_address>0x25b</run_address>
         <size>0x26e</size>
         <input_file_ref idref="fl-2"/>
      </object_component>
      <object_component id="oc-ea">
         <name>.debug_info</name>
         <load_address>0x4c9</load_address>
         <run_address>0x4c9</run_address>
         <size>0x84</size>
         <input_file_ref idref="fl-2"/>
      </object_component>
      <object_component id="oc-f1">
         <name>.debug_info</name>
         <load_address>0x54d</load_address>
         <run_address>0x54d</run_address>
         <size>0x18b</size>
         <input_file_ref idref="fl-2"/>
      </object_component>
      <object_component id="oc-e2">
         <name>.debug_info</name>
         <load_address>0x6d8</load_address>
         <run_address>0x6d8</run_address>
         <size>0x65a</size>
         <input_file_ref idref="fl-3"/>
      </object_component>
      <object_component id="oc-e6">
         <name>.debug_info</name>
         <load_address>0xd32</load_address>
         <run_address>0xd32</run_address>
         <size>0x1d2</size>
         <input_file_ref idref="fl-3"/>
      </object_component>
      <object_component id="oc-31">
         <name>.debug_info</name>
         <load_address>0xf04</load_address>
         <run_address>0xf04</run_address>
         <size>0x63e</size>
         <input_file_ref idref="fl-3"/>
      </object_component>
      <object_component id="oc-17d">
         <name>.debug_info</name>
         <load_address>0x1542</load_address>
         <run_address>0x1542</run_address>
         <size>0x2c</size>
         <input_file_ref idref="fl-3"/>
      </object_component>
      <object_component id="oc-15f">
         <name>.debug_info</name>
         <load_address>0x156e</load_address>
         <run_address>0x156e</run_address>
         <size>0x287</size>
         <input_file_ref idref="fl-4"/>
      </object_component>
      <object_component id="oc-157">
         <name>.debug_info</name>
         <load_address>0x17f5</load_address>
         <run_address>0x17f5</run_address>
         <size>0xf7</size>
         <input_file_ref idref="fl-4"/>
      </object_component>
      <object_component id="oc-154">
         <name>.debug_info</name>
         <load_address>0x18ec</load_address>
         <run_address>0x18ec</run_address>
         <size>0x149</size>
         <input_file_ref idref="fl-4"/>
      </object_component>
      <object_component id="oc-a8">
         <name>.debug_info</name>
         <load_address>0x1a35</load_address>
         <run_address>0x1a35</run_address>
         <size>0x962</size>
         <input_file_ref idref="fl-4"/>
      </object_component>
      <object_component id="oc-160">
         <name>.debug_info</name>
         <load_address>0x2397</load_address>
         <run_address>0x2397</run_address>
         <size>0x4e</size>
         <input_file_ref idref="fl-4"/>
      </object_component>
      <object_component id="oc-26">
         <name>.debug_info</name>
         <load_address>0x23e5</load_address>
         <run_address>0x23e5</run_address>
         <size>0x134</size>
         <input_file_ref idref="fl-12b"/>
      </object_component>
      <object_component id="oc-44">
         <name>.debug_info</name>
         <load_address>0x2519</load_address>
         <run_address>0x2519</run_address>
         <size>0x121</size>
         <input_file_ref idref="fl-12c"/>
      </object_component>
      <object_component id="oc-15">
         <name>.debug_info</name>
         <load_address>0x263a</load_address>
         <run_address>0x263a</run_address>
         <size>0x1c0</size>
         <input_file_ref idref="fl-12c"/>
      </object_component>
      <object_component id="oc-3f">
         <name>.debug_info</name>
         <load_address>0x27fa</load_address>
         <run_address>0x27fa</run_address>
         <size>0x46</size>
         <input_file_ref idref="fl-12c"/>
      </object_component>
      <object_component id="oc-f7">
         <name>.debug_info</name>
         <load_address>0x2840</load_address>
         <run_address>0x2840</run_address>
         <size>0x2c</size>
         <input_file_ref idref="fl-12c"/>
      </object_component>
      <object_component id="oc-4c">
         <name>.debug_info</name>
         <load_address>0x286c</load_address>
         <run_address>0x286c</run_address>
         <size>0x115</size>
         <input_file_ref idref="fl-12d"/>
      </object_component>
      <object_component id="oc-47">
         <name>.debug_info</name>
         <load_address>0x2981</load_address>
         <run_address>0x2981</run_address>
         <size>0x228</size>
         <input_file_ref idref="fl-12d"/>
      </object_component>
      <object_component id="oc-1a">
         <name>.debug_info</name>
         <load_address>0x2ba9</load_address>
         <run_address>0x2ba9</run_address>
         <size>0x192</size>
         <input_file_ref idref="fl-12d"/>
      </object_component>
      <object_component id="oc-4d">
         <name>.debug_info</name>
         <load_address>0x2d3b</load_address>
         <run_address>0x2d3b</run_address>
         <size>0x39</size>
         <input_file_ref idref="fl-12d"/>
      </object_component>
      <object_component id="oc-101">
         <name>.debug_info</name>
         <load_address>0x2d74</load_address>
         <run_address>0x2d74</run_address>
         <size>0x2c</size>
         <input_file_ref idref="fl-12d"/>
      </object_component>
      <object_component id="oc-5d">
         <name>.debug_info</name>
         <load_address>0x2da0</load_address>
         <run_address>0x2da0</run_address>
         <size>0x110</size>
         <input_file_ref idref="fl-12e"/>
      </object_component>
      <object_component id="oc-1f">
         <name>.debug_info</name>
         <load_address>0x2eb0</load_address>
         <run_address>0x2eb0</run_address>
         <size>0x18b</size>
         <input_file_ref idref="fl-12e"/>
      </object_component>
      <object_component id="oc-58">
         <name>.debug_info</name>
         <load_address>0x303b</load_address>
         <run_address>0x303b</run_address>
         <size>0x46</size>
         <input_file_ref idref="fl-12e"/>
      </object_component>
      <object_component id="oc-11b">
         <name>.debug_info</name>
         <load_address>0x3081</load_address>
         <run_address>0x3081</run_address>
         <size>0x172</size>
         <input_file_ref idref="fl-12f"/>
      </object_component>
      <object_component id="oc-118">
         <name>.debug_info</name>
         <load_address>0x31f3</load_address>
         <run_address>0x31f3</run_address>
         <size>0x117</size>
         <input_file_ref idref="fl-12f"/>
      </object_component>
      <object_component id="oc-74">
         <name>.debug_info</name>
         <load_address>0x330a</load_address>
         <run_address>0x330a</run_address>
         <size>0x1ee</size>
         <input_file_ref idref="fl-12f"/>
      </object_component>
      <object_component id="oc-3c">
         <name>.debug_info</name>
         <load_address>0x34f8</load_address>
         <run_address>0x34f8</run_address>
         <size>0xf6</size>
         <input_file_ref idref="fl-130"/>
      </object_component>
      <object_component id="oc-53">
         <name>.debug_info</name>
         <load_address>0x35ee</load_address>
         <run_address>0x35ee</run_address>
         <size>0x124</size>
         <input_file_ref idref="fl-131"/>
      </object_component>
      <object_component id="oc-60">
         <name>.debug_info</name>
         <load_address>0x3712</load_address>
         <run_address>0x3712</run_address>
         <size>0x129</size>
         <input_file_ref idref="fl-132"/>
      </object_component>
      <object_component id="oc-77">
         <name>.debug_info</name>
         <load_address>0x383b</load_address>
         <run_address>0x383b</run_address>
         <size>0xea</size>
         <input_file_ref idref="fl-133"/>
      </object_component>
      <object_component id="oc-15c">
         <name>.debug_info</name>
         <load_address>0x3925</load_address>
         <run_address>0x3925</run_address>
         <size>0x11f</size>
         <input_file_ref idref="fl-134"/>
      </object_component>
      <object_component id="oc-1a1">
         <name>.debug_info</name>
         <load_address>0x3a44</load_address>
         <run_address>0x3a44</run_address>
         <size>0x105</size>
         <input_file_ref idref="fl-135"/>
      </object_component>
      <object_component id="oc-115">
         <name>.debug_info</name>
         <load_address>0x3b49</load_address>
         <run_address>0x3b49</run_address>
         <size>0xf4</size>
         <input_file_ref idref="fl-135"/>
      </object_component>
      <object_component id="oc-19b">
         <name>.debug_info</name>
         <load_address>0x3c3d</load_address>
         <run_address>0x3c3d</run_address>
         <size>0x200</size>
         <input_file_ref idref="fl-135"/>
      </object_component>
      <object_component id="oc-113">
         <name>.debug_info</name>
         <load_address>0x3e3d</load_address>
         <run_address>0x3e3d</run_address>
         <size>0x147</size>
         <input_file_ref idref="fl-136"/>
      </object_component>
      <object_component id="oc-6b">
         <name>.debug_info</name>
         <load_address>0x3f84</load_address>
         <run_address>0x3f84</run_address>
         <size>0x148</size>
         <input_file_ref idref="fl-136"/>
      </object_component>
      <object_component id="oc-194">
         <name>.debug_info</name>
         <load_address>0x40cc</load_address>
         <run_address>0x40cc</run_address>
         <size>0x5e</size>
         <input_file_ref idref="fl-136"/>
      </object_component>
      <object_component id="oc-111">
         <name>.debug_info</name>
         <load_address>0x412a</load_address>
         <run_address>0x412a</run_address>
         <size>0x29e</size>
         <input_file_ref idref="fl-137"/>
      </object_component>
      <object_component id="oc-65">
         <name>.debug_info</name>
         <load_address>0x43c8</load_address>
         <run_address>0x43c8</run_address>
         <size>0x158</size>
         <input_file_ref idref="fl-137"/>
      </object_component>
      <object_component id="oc-188">
         <name>.debug_info</name>
         <load_address>0x4520</load_address>
         <run_address>0x4520</run_address>
         <size>0x39</size>
         <input_file_ref idref="fl-137"/>
      </object_component>
      <object_component id="oc-18d">
         <name>.debug_info</name>
         <load_address>0x4559</load_address>
         <run_address>0x4559</run_address>
         <size>0xcd</size>
         <input_file_ref idref="fl-137"/>
      </object_component>
      <object_component id="oc-185">
         <name>.debug_info</name>
         <load_address>0x4626</load_address>
         <run_address>0x4626</run_address>
         <size>0x1c1</size>
         <input_file_ref idref="fl-138"/>
      </object_component>
      <object_component id="oc-10d">
         <name>.debug_info</name>
         <load_address>0x47e7</load_address>
         <run_address>0x47e7</run_address>
         <size>0x164</size>
         <input_file_ref idref="fl-138"/>
      </object_component>
      <object_component id="oc-1d0">
         <name>.debug_info</name>
         <load_address>0x494b</load_address>
         <run_address>0x494b</run_address>
         <size>0x2c</size>
         <input_file_ref idref="fl-138"/>
      </object_component>
      <object_component id="oc-1c4">
         <name>.debug_info</name>
         <load_address>0x4977</load_address>
         <run_address>0x4977</run_address>
         <size>0x128</size>
         <input_file_ref idref="fl-139"/>
      </object_component>
      <object_component id="oc-143">
         <name>.debug_info</name>
         <load_address>0x4a9f</load_address>
         <run_address>0x4a9f</run_address>
         <size>0x342</size>
         <input_file_ref idref="fl-13a"/>
      </object_component>
      <object_component id="oc-ce">
         <name>.debug_info</name>
         <load_address>0x4de1</load_address>
         <run_address>0x4de1</run_address>
         <size>0x1dc</size>
         <input_file_ref idref="fl-13a"/>
      </object_component>
      <object_component id="oc-a4">
         <name>.debug_info</name>
         <load_address>0x4fbd</load_address>
         <run_address>0x4fbd</run_address>
         <size>0x1e4</size>
         <input_file_ref idref="fl-13a"/>
      </object_component>
      <object_component id="oc-d2">
         <name>.debug_info</name>
         <load_address>0x51a1</load_address>
         <run_address>0x51a1</run_address>
         <size>0x1e2</size>
         <input_file_ref idref="fl-13a"/>
      </object_component>
      <object_component id="oc-98">
         <name>.debug_info</name>
         <load_address>0x5383</load_address>
         <run_address>0x5383</run_address>
         <size>0x21a</size>
         <input_file_ref idref="fl-13a"/>
      </object_component>
      <object_component id="oc-9c">
         <name>.debug_info</name>
         <load_address>0x559d</load_address>
         <run_address>0x559d</run_address>
         <size>0x1ac</size>
         <input_file_ref idref="fl-13a"/>
      </object_component>
      <object_component id="oc-13f">
         <name>.debug_info</name>
         <load_address>0x5749</load_address>
         <run_address>0x5749</run_address>
         <size>0x1a4</size>
         <input_file_ref idref="fl-13a"/>
      </object_component>
      <object_component id="oc-13b">
         <name>.debug_info</name>
         <load_address>0x58ed</load_address>
         <run_address>0x58ed</run_address>
         <size>0x228</size>
         <input_file_ref idref="fl-13a"/>
      </object_component>
      <object_component id="oc-94">
         <name>.debug_info</name>
         <load_address>0x5b15</load_address>
         <run_address>0x5b15</run_address>
         <size>0x26b</size>
         <input_file_ref idref="fl-13a"/>
      </object_component>
      <object_component id="oc-de">
         <name>.debug_info</name>
         <load_address>0x5d80</load_address>
         <run_address>0x5d80</run_address>
         <size>0x1b0</size>
         <input_file_ref idref="fl-13a"/>
      </object_component>
      <object_component id="oc-da">
         <name>.debug_info</name>
         <load_address>0x5f30</load_address>
         <run_address>0x5f30</run_address>
         <size>0x1ea</size>
         <input_file_ref idref="fl-13a"/>
      </object_component>
      <object_component id="oc-150">
         <name>.debug_info</name>
         <load_address>0x611a</load_address>
         <run_address>0x611a</run_address>
         <size>0x253</size>
         <input_file_ref idref="fl-13a"/>
      </object_component>
      <object_component id="oc-d6">
         <name>.debug_info</name>
         <load_address>0x636d</load_address>
         <run_address>0x636d</run_address>
         <size>0x22d</size>
         <input_file_ref idref="fl-13a"/>
      </object_component>
      <object_component id="oc-121">
         <name>.debug_info</name>
         <load_address>0x659a</load_address>
         <run_address>0x659a</run_address>
         <size>0x84</size>
         <input_file_ref idref="fl-13a"/>
      </object_component>
      <object_component id="oc-16f">
         <name>.debug_info</name>
         <load_address>0x661e</load_address>
         <run_address>0x661e</run_address>
         <size>0x2c</size>
         <input_file_ref idref="fl-13a"/>
      </object_component>
      <object_component id="oc-166">
         <name>.debug_info</name>
         <load_address>0x664a</load_address>
         <run_address>0x664a</run_address>
         <size>0x338</size>
         <input_file_ref idref="fl-13b"/>
      </object_component>
      <object_component id="oc-b2">
         <name>.debug_info</name>
         <load_address>0x6982</load_address>
         <run_address>0x6982</run_address>
         <size>0x207</size>
         <input_file_ref idref="fl-13b"/>
      </object_component>
      <object_component id="oc-b6">
         <name>.debug_info</name>
         <load_address>0x6b89</load_address>
         <run_address>0x6b89</run_address>
         <size>0x1e9</size>
         <input_file_ref idref="fl-13b"/>
      </object_component>
      <object_component id="oc-c2">
         <name>.debug_info</name>
         <load_address>0x6d72</load_address>
         <run_address>0x6d72</run_address>
         <size>0x1e7</size>
         <input_file_ref idref="fl-13b"/>
      </object_component>
      <object_component id="oc-ba">
         <name>.debug_info</name>
         <load_address>0x6f59</load_address>
         <run_address>0x6f59</run_address>
         <size>0x1d4</size>
         <input_file_ref idref="fl-13b"/>
      </object_component>
      <object_component id="oc-ae">
         <name>.debug_info</name>
         <load_address>0x712d</load_address>
         <run_address>0x712d</run_address>
         <size>0x1e1</size>
         <input_file_ref idref="fl-13b"/>
      </object_component>
      <object_component id="oc-125">
         <name>.debug_info</name>
         <load_address>0x730e</load_address>
         <run_address>0x730e</run_address>
         <size>0x391</size>
         <input_file_ref idref="fl-13c"/>
      </object_component>
      <object_component id="oc-127">
         <name>.debug_info</name>
         <load_address>0x769f</load_address>
         <run_address>0x769f</run_address>
         <size>0x1b2</size>
         <input_file_ref idref="fl-13c"/>
      </object_component>
      <object_component id="oc-138">
         <name>.debug_info</name>
         <load_address>0x7851</load_address>
         <run_address>0x7851</run_address>
         <size>0x108</size>
         <input_file_ref idref="fl-13c"/>
      </object_component>
      <object_component id="oc-14c">
         <name>.debug_info</name>
         <load_address>0x7959</load_address>
         <run_address>0x7959</run_address>
         <size>0x1e0</size>
         <input_file_ref idref="fl-13c"/>
      </object_component>
      <object_component id="oc-81">
         <name>.debug_info</name>
         <load_address>0x7b39</load_address>
         <run_address>0x7b39</run_address>
         <size>0x1da</size>
         <input_file_ref idref="fl-13c"/>
      </object_component>
      <object_component id="oc-7d">
         <name>.debug_info</name>
         <load_address>0x7d13</load_address>
         <run_address>0x7d13</run_address>
         <size>0x2cf</size>
         <input_file_ref idref="fl-13c"/>
      </object_component>
      <object_component id="oc-91">
         <name>.debug_info</name>
         <load_address>0x7fe2</load_address>
         <run_address>0x7fe2</run_address>
         <size>0x202</size>
         <input_file_ref idref="fl-13c"/>
      </object_component>
      <object_component id="oc-149">
         <name>.debug_info</name>
         <load_address>0x81e4</load_address>
         <run_address>0x81e4</run_address>
         <size>0x342</size>
         <input_file_ref idref="fl-13d"/>
      </object_component>
      <object_component id="oc-147">
         <name>.debug_info</name>
         <load_address>0x8526</load_address>
         <run_address>0x8526</run_address>
         <size>0x1b7</size>
         <input_file_ref idref="fl-13d"/>
      </object_component>
      <object_component id="oc-be">
         <name>.debug_info</name>
         <load_address>0x86dd</load_address>
         <run_address>0x86dd</run_address>
         <size>0x1a3</size>
         <input_file_ref idref="fl-13d"/>
      </object_component>
      <object_component id="oc-a0">
         <name>.debug_info</name>
         <load_address>0x8880</load_address>
         <run_address>0x8880</run_address>
         <size>0x1c5</size>
         <input_file_ref idref="fl-13d"/>
      </object_component>
      <object_component id="oc-135">
         <name>.debug_info</name>
         <load_address>0x8a45</load_address>
         <run_address>0x8a45</run_address>
         <size>0x336</size>
         <input_file_ref idref="fl-13e"/>
      </object_component>
      <object_component id="oc-133">
         <name>.debug_info</name>
         <load_address>0x8d7b</load_address>
         <run_address>0x8d7b</run_address>
         <size>0x116</size>
         <input_file_ref idref="fl-13e"/>
      </object_component>
      <object_component id="oc-ca">
         <name>.debug_info</name>
         <load_address>0x8e91</load_address>
         <run_address>0x8e91</run_address>
         <size>0x1f8</size>
         <input_file_ref idref="fl-13e"/>
      </object_component>
      <object_component id="oc-12e">
         <name>.debug_info</name>
         <load_address>0x9089</load_address>
         <run_address>0x9089</run_address>
         <size>0x204</size>
         <input_file_ref idref="fl-13e"/>
      </object_component>
      <object_component id="oc-12a">
         <name>.debug_info</name>
         <load_address>0x928d</load_address>
         <run_address>0x928d</run_address>
         <size>0x24a</size>
         <input_file_ref idref="fl-13e"/>
      </object_component>
      <object_component id="oc-8c">
         <name>.debug_info</name>
         <load_address>0x94d7</load_address>
         <run_address>0x94d7</run_address>
         <size>0x1da</size>
         <input_file_ref idref="fl-13e"/>
      </object_component>
      <object_component id="oc-84">
         <name>.debug_info</name>
         <load_address>0x96b1</load_address>
         <run_address>0x96b1</run_address>
         <size>0x1e6</size>
         <input_file_ref idref="fl-13e"/>
      </object_component>
      <object_component id="oc-c6">
         <name>.debug_info</name>
         <load_address>0x9897</load_address>
         <run_address>0x9897</run_address>
         <size>0x1d4</size>
         <input_file_ref idref="fl-13e"/>
      </object_component>
      <object_component id="oc-88">
         <name>.debug_info</name>
         <load_address>0x9a6b</load_address>
         <run_address>0x9a6b</run_address>
         <size>0x1d9</size>
         <input_file_ref idref="fl-13e"/>
      </object_component>
      <object_component id="oc-16c">
         <name>.debug_info</name>
         <load_address>0x9c44</load_address>
         <run_address>0x9c44</run_address>
         <size>0x177</size>
         <input_file_ref idref="fl-13f"/>
      </object_component>
      <object_component id="oc-1ff">
         <name>.debug_info</name>
         <load_address>0x9dbb</load_address>
         <run_address>0x9dbb</run_address>
         <size>0xb5</size>
      </object_component>
      <object_component id="oc-f0">
         <name>.debug_line</name>
         <load_address>0x0</load_address>
         <run_address>0x0</run_address>
         <size>0x40</size>
         <input_file_ref idref="fl-2"/>
      </object_component>
      <object_component id="oc-37">
         <name>.debug_line</name>
         <load_address>0x40</load_address>
         <run_address>0x40</run_address>
         <size>0x40</size>
         <input_file_ref idref="fl-2"/>
      </object_component>
      <object_component id="oc-2e">
         <name>.debug_line</name>
         <load_address>0x80</load_address>
         <run_address>0x80</run_address>
         <size>0xa0</size>
         <input_file_ref idref="fl-2"/>
      </object_component>
      <object_component id="oc-ed">
         <name>.debug_line</name>
         <load_address>0x120</load_address>
         <run_address>0x120</run_address>
         <size>0x20</size>
         <input_file_ref idref="fl-2"/>
      </object_component>
      <object_component id="oc-f4">
         <name>.debug_line</name>
         <load_address>0x140</load_address>
         <run_address>0x140</run_address>
         <size>0x60</size>
         <input_file_ref idref="fl-2"/>
      </object_component>
      <object_component id="oc-17c">
         <name>.debug_line</name>
         <load_address>0x1a0</load_address>
         <run_address>0x1a0</run_address>
         <size>0x114</size>
         <input_file_ref idref="fl-3"/>
      </object_component>
      <object_component id="oc-183">
         <name>.debug_line</name>
         <load_address>0x2b4</load_address>
         <run_address>0x2b4</run_address>
         <size>0x2d</size>
         <input_file_ref idref="fl-3"/>
      </object_component>
      <object_component id="oc-34">
         <name>.debug_line</name>
         <load_address>0x2e1</load_address>
         <run_address>0x2e1</run_address>
         <size>0x1ad</size>
         <input_file_ref idref="fl-3"/>
      </object_component>
      <object_component id="oc-180">
         <name>.debug_line</name>
         <load_address>0x48e</load_address>
         <run_address>0x48e</run_address>
         <size>0x43</size>
         <input_file_ref idref="fl-3"/>
      </object_component>
      <object_component id="oc-1ca">
         <name>.debug_line</name>
         <load_address>0x4d1</load_address>
         <run_address>0x4d1</run_address>
         <size>0x6c</size>
         <input_file_ref idref="fl-4"/>
      </object_component>
      <object_component id="oc-1c1">
         <name>.debug_line</name>
         <load_address>0x53d</load_address>
         <run_address>0x53d</run_address>
         <size>0x46</size>
         <input_file_ref idref="fl-4"/>
      </object_component>
      <object_component id="oc-1bf">
         <name>.debug_line</name>
         <load_address>0x583</load_address>
         <run_address>0x583</run_address>
         <size>0x46</size>
         <input_file_ref idref="fl-4"/>
      </object_component>
      <object_component id="oc-ab">
         <name>.debug_line</name>
         <load_address>0x5c9</load_address>
         <run_address>0x5c9</run_address>
         <size>0x2b6</size>
         <input_file_ref idref="fl-4"/>
      </object_component>
      <object_component id="oc-163">
         <name>.debug_line</name>
         <load_address>0x87f</load_address>
         <run_address>0x87f</run_address>
         <size>0x60</size>
         <input_file_ref idref="fl-4"/>
      </object_component>
      <object_component id="oc-28">
         <name>.debug_line</name>
         <load_address>0x8df</load_address>
         <run_address>0x8df</run_address>
         <size>0x52</size>
         <input_file_ref idref="fl-12b"/>
      </object_component>
      <object_component id="oc-fd">
         <name>.debug_line</name>
         <load_address>0x931</load_address>
         <run_address>0x931</run_address>
         <size>0x80</size>
         <input_file_ref idref="fl-12c"/>
      </object_component>
      <object_component id="oc-17">
         <name>.debug_line</name>
         <load_address>0x9b1</load_address>
         <run_address>0x9b1</run_address>
         <size>0x55</size>
         <input_file_ref idref="fl-12c"/>
      </object_component>
      <object_component id="oc-42">
         <name>.debug_line</name>
         <load_address>0xa06</load_address>
         <run_address>0xa06</run_address>
         <size>0x3a</size>
         <input_file_ref idref="fl-12c"/>
      </object_component>
      <object_component id="oc-fa">
         <name>.debug_line</name>
         <load_address>0xa40</load_address>
         <run_address>0xa40</run_address>
         <size>0x80</size>
         <input_file_ref idref="fl-12c"/>
      </object_component>
      <object_component id="oc-100">
         <name>.debug_line</name>
         <load_address>0xac0</load_address>
         <run_address>0xac0</run_address>
         <size>0x80</size>
         <input_file_ref idref="fl-12d"/>
      </object_component>
      <object_component id="oc-46">
         <name>.debug_line</name>
         <load_address>0xb40</load_address>
         <run_address>0xb40</run_address>
         <size>0x98</size>
         <input_file_ref idref="fl-12d"/>
      </object_component>
      <object_component id="oc-19">
         <name>.debug_line</name>
         <load_address>0xbd8</load_address>
         <run_address>0xbd8</run_address>
         <size>0x4b</size>
         <input_file_ref idref="fl-12d"/>
      </object_component>
      <object_component id="oc-50">
         <name>.debug_line</name>
         <load_address>0xc23</load_address>
         <run_address>0xc23</run_address>
         <size>0x39</size>
         <input_file_ref idref="fl-12d"/>
      </object_component>
      <object_component id="oc-104">
         <name>.debug_line</name>
         <load_address>0xc5c</load_address>
         <run_address>0xc5c</run_address>
         <size>0x80</size>
         <input_file_ref idref="fl-12d"/>
      </object_component>
      <object_component id="oc-108">
         <name>.debug_line</name>
         <load_address>0xcdc</load_address>
         <run_address>0xcdc</run_address>
         <size>0x80</size>
         <input_file_ref idref="fl-12e"/>
      </object_component>
      <object_component id="oc-22">
         <name>.debug_line</name>
         <load_address>0xd5c</load_address>
         <run_address>0xd5c</run_address>
         <size>0x4f</size>
         <input_file_ref idref="fl-12e"/>
      </object_component>
      <object_component id="oc-5b">
         <name>.debug_line</name>
         <load_address>0xdab</load_address>
         <run_address>0xdab</run_address>
         <size>0x34</size>
         <input_file_ref idref="fl-12e"/>
      </object_component>
      <object_component id="oc-1a6">
         <name>.debug_line</name>
         <load_address>0xddf</load_address>
         <run_address>0xddf</run_address>
         <size>0x7f</size>
         <input_file_ref idref="fl-12f"/>
      </object_component>
      <object_component id="oc-1a4">
         <name>.debug_line</name>
         <load_address>0xe5e</load_address>
         <run_address>0xe5e</run_address>
         <size>0x2a</size>
         <input_file_ref idref="fl-12f"/>
      </object_component>
      <object_component id="oc-72">
         <name>.debug_line</name>
         <load_address>0xe88</load_address>
         <run_address>0xe88</run_address>
         <size>0x7a</size>
         <input_file_ref idref="fl-12f"/>
      </object_component>
      <object_component id="oc-3a">
         <name>.debug_line</name>
         <load_address>0xf02</load_address>
         <run_address>0xf02</run_address>
         <size>0x88</size>
         <input_file_ref idref="fl-130"/>
      </object_component>
      <object_component id="oc-56">
         <name>.debug_line</name>
         <load_address>0xf8a</load_address>
         <run_address>0xf8a</run_address>
         <size>0x79</size>
         <input_file_ref idref="fl-131"/>
      </object_component>
      <object_component id="oc-5f">
         <name>.debug_line</name>
         <load_address>0x1003</load_address>
         <run_address>0x1003</run_address>
         <size>0x40</size>
         <input_file_ref idref="fl-132"/>
      </object_component>
      <object_component id="oc-11e">
         <name>.debug_line</name>
         <load_address>0x1043</load_address>
         <run_address>0x1043</run_address>
         <size>0x33</size>
         <input_file_ref idref="fl-133"/>
      </object_component>
      <object_component id="oc-15a">
         <name>.debug_line</name>
         <load_address>0x1076</load_address>
         <run_address>0x1076</run_address>
         <size>0x5b</size>
         <input_file_ref idref="fl-134"/>
      </object_component>
      <object_component id="oc-1d7">
         <name>.debug_line</name>
         <load_address>0x10d1</load_address>
         <run_address>0x10d1</run_address>
         <size>0x20</size>
         <input_file_ref idref="fl-135"/>
      </object_component>
      <object_component id="oc-1a0">
         <name>.debug_line</name>
         <load_address>0x10f1</load_address>
         <run_address>0x10f1</run_address>
         <size>0x2b</size>
         <input_file_ref idref="fl-135"/>
      </object_component>
      <object_component id="oc-19e">
         <name>.debug_line</name>
         <load_address>0x111c</load_address>
         <run_address>0x111c</run_address>
         <size>0x68</size>
         <input_file_ref idref="fl-135"/>
      </object_component>
      <object_component id="oc-193">
         <name>.debug_line</name>
         <load_address>0x1184</load_address>
         <run_address>0x1184</run_address>
         <size>0x2b</size>
         <input_file_ref idref="fl-136"/>
      </object_component>
      <object_component id="oc-6f">
         <name>.debug_line</name>
         <load_address>0x11af</load_address>
         <run_address>0x11af</run_address>
         <size>0x50</size>
         <input_file_ref idref="fl-136"/>
      </object_component>
      <object_component id="oc-197">
         <name>.debug_line</name>
         <load_address>0x11ff</load_address>
         <run_address>0x11ff</run_address>
         <size>0x2b</size>
         <input_file_ref idref="fl-136"/>
      </object_component>
      <object_component id="oc-187">
         <name>.debug_line</name>
         <load_address>0x122a</load_address>
         <run_address>0x122a</run_address>
         <size>0x8f</size>
         <input_file_ref idref="fl-137"/>
      </object_component>
      <object_component id="oc-68">
         <name>.debug_line</name>
         <load_address>0x12b9</load_address>
         <run_address>0x12b9</run_address>
         <size>0x79</size>
         <input_file_ref idref="fl-137"/>
      </object_component>
      <object_component id="oc-18b">
         <name>.debug_line</name>
         <load_address>0x1332</load_address>
         <run_address>0x1332</run_address>
         <size>0x2e</size>
         <input_file_ref idref="fl-137"/>
      </object_component>
      <object_component id="oc-190">
         <name>.debug_line</name>
         <load_address>0x1360</load_address>
         <run_address>0x1360</run_address>
         <size>0x81</size>
         <input_file_ref idref="fl-137"/>
      </object_component>
      <object_component id="oc-1cf">
         <name>.debug_line</name>
         <load_address>0x13e1</load_address>
         <run_address>0x13e1</run_address>
         <size>0x8e</size>
         <input_file_ref idref="fl-138"/>
      </object_component>
      <object_component id="oc-10b">
         <name>.debug_line</name>
         <load_address>0x146f</load_address>
         <run_address>0x146f</run_address>
         <size>0x68</size>
         <input_file_ref idref="fl-138"/>
      </object_component>
      <object_component id="oc-1d3">
         <name>.debug_line</name>
         <load_address>0x14d7</load_address>
         <run_address>0x14d7</run_address>
         <size>0x2e</size>
         <input_file_ref idref="fl-138"/>
      </object_component>
      <object_component id="oc-1c6">
         <name>.debug_line</name>
         <load_address>0x1505</load_address>
         <run_address>0x1505</run_address>
         <size>0x3b</size>
         <input_file_ref idref="fl-139"/>
      </object_component>
      <object_component id="oc-1b6">
         <name>.debug_line</name>
         <load_address>0x1540</load_address>
         <run_address>0x1540</run_address>
         <size>0x58</size>
         <input_file_ref idref="fl-13a"/>
      </object_component>
      <object_component id="oc-d0">
         <name>.debug_line</name>
         <load_address>0x1598</load_address>
         <run_address>0x1598</run_address>
         <size>0x69</size>
         <input_file_ref idref="fl-13a"/>
      </object_component>
      <object_component id="oc-a6">
         <name>.debug_line</name>
         <load_address>0x1601</load_address>
         <run_address>0x1601</run_address>
         <size>0x69</size>
         <input_file_ref idref="fl-13a"/>
      </object_component>
      <object_component id="oc-d4">
         <name>.debug_line</name>
         <load_address>0x166a</load_address>
         <run_address>0x166a</run_address>
         <size>0x69</size>
         <input_file_ref idref="fl-13a"/>
      </object_component>
      <object_component id="oc-9a">
         <name>.debug_line</name>
         <load_address>0x16d3</load_address>
         <run_address>0x16d3</run_address>
         <size>0x69</size>
         <input_file_ref idref="fl-13a"/>
      </object_component>
      <object_component id="oc-9e">
         <name>.debug_line</name>
         <load_address>0x173c</load_address>
         <run_address>0x173c</run_address>
         <size>0x69</size>
         <input_file_ref idref="fl-13a"/>
      </object_component>
      <object_component id="oc-141">
         <name>.debug_line</name>
         <load_address>0x17a5</load_address>
         <run_address>0x17a5</run_address>
         <size>0x6a</size>
         <input_file_ref idref="fl-13a"/>
      </object_component>
      <object_component id="oc-13d">
         <name>.debug_line</name>
         <load_address>0x180f</load_address>
         <run_address>0x180f</run_address>
         <size>0x6b</size>
         <input_file_ref idref="fl-13a"/>
      </object_component>
      <object_component id="oc-96">
         <name>.debug_line</name>
         <load_address>0x187a</load_address>
         <run_address>0x187a</run_address>
         <size>0x76</size>
         <input_file_ref idref="fl-13a"/>
      </object_component>
      <object_component id="oc-df">
         <name>.debug_line</name>
         <load_address>0x18f0</load_address>
         <run_address>0x18f0</run_address>
         <size>0x69</size>
         <input_file_ref idref="fl-13a"/>
      </object_component>
      <object_component id="oc-db">
         <name>.debug_line</name>
         <load_address>0x1959</load_address>
         <run_address>0x1959</run_address>
         <size>0x6e</size>
         <input_file_ref idref="fl-13a"/>
      </object_component>
      <object_component id="oc-151">
         <name>.debug_line</name>
         <load_address>0x19c7</load_address>
         <run_address>0x19c7</run_address>
         <size>0x6a</size>
         <input_file_ref idref="fl-13a"/>
      </object_component>
      <object_component id="oc-d7">
         <name>.debug_line</name>
         <load_address>0x1a31</load_address>
         <run_address>0x1a31</run_address>
         <size>0x6a</size>
         <input_file_ref idref="fl-13a"/>
      </object_component>
      <object_component id="oc-123">
         <name>.debug_line</name>
         <load_address>0x1a9b</load_address>
         <run_address>0x1a9b</run_address>
         <size>0x1d</size>
         <input_file_ref idref="fl-13a"/>
      </object_component>
      <object_component id="oc-171">
         <name>.debug_line</name>
         <load_address>0x1ab8</load_address>
         <run_address>0x1ab8</run_address>
         <size>0x51</size>
         <input_file_ref idref="fl-13a"/>
      </object_component>
      <object_component id="oc-1cc">
         <name>.debug_line</name>
         <load_address>0x1b09</load_address>
         <run_address>0x1b09</run_address>
         <size>0x58</size>
         <input_file_ref idref="fl-13b"/>
      </object_component>
      <object_component id="oc-b3">
         <name>.debug_line</name>
         <load_address>0x1b61</load_address>
         <run_address>0x1b61</run_address>
         <size>0x73</size>
         <input_file_ref idref="fl-13b"/>
      </object_component>
      <object_component id="oc-b7">
         <name>.debug_line</name>
         <load_address>0x1bd4</load_address>
         <run_address>0x1bd4</run_address>
         <size>0x6a</size>
         <input_file_ref idref="fl-13b"/>
      </object_component>
      <object_component id="oc-c3">
         <name>.debug_line</name>
         <load_address>0x1c3e</load_address>
         <run_address>0x1c3e</run_address>
         <size>0x6a</size>
         <input_file_ref idref="fl-13b"/>
      </object_component>
      <object_component id="oc-bb">
         <name>.debug_line</name>
         <load_address>0x1ca8</load_address>
         <run_address>0x1ca8</run_address>
         <size>0x6a</size>
         <input_file_ref idref="fl-13b"/>
      </object_component>
      <object_component id="oc-af">
         <name>.debug_line</name>
         <load_address>0x1d12</load_address>
         <run_address>0x1d12</run_address>
         <size>0x6d</size>
         <input_file_ref idref="fl-13b"/>
      </object_component>
      <object_component id="oc-1a8">
         <name>.debug_line</name>
         <load_address>0x1d7f</load_address>
         <run_address>0x1d7f</run_address>
         <size>0xc5</size>
         <input_file_ref idref="fl-13c"/>
      </object_component>
      <object_component id="oc-1aa">
         <name>.debug_line</name>
         <load_address>0x1e44</load_address>
         <run_address>0x1e44</run_address>
         <size>0x55</size>
         <input_file_ref idref="fl-13c"/>
      </object_component>
      <object_component id="oc-1b2">
         <name>.debug_line</name>
         <load_address>0x1e99</load_address>
         <run_address>0x1e99</run_address>
         <size>0x55</size>
         <input_file_ref idref="fl-13c"/>
      </object_component>
      <object_component id="oc-14e">
         <name>.debug_line</name>
         <load_address>0x1eee</load_address>
         <run_address>0x1eee</run_address>
         <size>0x7d</size>
         <input_file_ref idref="fl-13c"/>
      </object_component>
      <object_component id="oc-82">
         <name>.debug_line</name>
         <load_address>0x1f6b</load_address>
         <run_address>0x1f6b</run_address>
         <size>0x73</size>
         <input_file_ref idref="fl-13c"/>
      </object_component>
      <object_component id="oc-7e">
         <name>.debug_line</name>
         <load_address>0x1fde</load_address>
         <run_address>0x1fde</run_address>
         <size>0xb8</size>
         <input_file_ref idref="fl-13c"/>
      </object_component>
      <object_component id="oc-92">
         <name>.debug_line</name>
         <load_address>0x2096</load_address>
         <run_address>0x2096</run_address>
         <size>0x116</size>
         <input_file_ref idref="fl-13c"/>
      </object_component>
      <object_component id="oc-1ba">
         <name>.debug_line</name>
         <load_address>0x21ac</load_address>
         <run_address>0x21ac</run_address>
         <size>0x52</size>
         <input_file_ref idref="fl-13d"/>
      </object_component>
      <object_component id="oc-1b8">
         <name>.debug_line</name>
         <load_address>0x21fe</load_address>
         <run_address>0x21fe</run_address>
         <size>0x58</size>
         <input_file_ref idref="fl-13d"/>
      </object_component>
      <object_component id="oc-bf">
         <name>.debug_line</name>
         <load_address>0x2256</load_address>
         <run_address>0x2256</run_address>
         <size>0x6e</size>
         <input_file_ref idref="fl-13d"/>
      </object_component>
      <object_component id="oc-a1">
         <name>.debug_line</name>
         <load_address>0x22c4</load_address>
         <run_address>0x22c4</run_address>
         <size>0x96</size>
         <input_file_ref idref="fl-13d"/>
      </object_component>
      <object_component id="oc-1b0">
         <name>.debug_line</name>
         <load_address>0x235a</load_address>
         <run_address>0x235a</run_address>
         <size>0x58</size>
         <input_file_ref idref="fl-13e"/>
      </object_component>
      <object_component id="oc-1ae">
         <name>.debug_line</name>
         <load_address>0x23b2</load_address>
         <run_address>0x23b2</run_address>
         <size>0x53</size>
         <input_file_ref idref="fl-13e"/>
      </object_component>
      <object_component id="oc-cb">
         <name>.debug_line</name>
         <load_address>0x2405</load_address>
         <run_address>0x2405</run_address>
         <size>0x69</size>
         <input_file_ref idref="fl-13e"/>
      </object_component>
      <object_component id="oc-12f">
         <name>.debug_line</name>
         <load_address>0x246e</load_address>
         <run_address>0x246e</run_address>
         <size>0x6a</size>
         <input_file_ref idref="fl-13e"/>
      </object_component>
      <object_component id="oc-12b">
         <name>.debug_line</name>
         <load_address>0x24d8</load_address>
         <run_address>0x24d8</run_address>
         <size>0x71</size>
         <input_file_ref idref="fl-13e"/>
      </object_component>
      <object_component id="oc-8d">
         <name>.debug_line</name>
         <load_address>0x2549</load_address>
         <run_address>0x2549</run_address>
         <size>0x6a</size>
         <input_file_ref idref="fl-13e"/>
      </object_component>
      <object_component id="oc-85">
         <name>.debug_line</name>
         <load_address>0x25b3</load_address>
         <run_address>0x25b3</run_address>
         <size>0x6a</size>
         <input_file_ref idref="fl-13e"/>
      </object_component>
      <object_component id="oc-c7">
         <name>.debug_line</name>
         <load_address>0x261d</load_address>
         <run_address>0x261d</run_address>
         <size>0x69</size>
         <input_file_ref idref="fl-13e"/>
      </object_component>
      <object_component id="oc-89">
         <name>.debug_line</name>
         <load_address>0x2686</load_address>
         <run_address>0x2686</run_address>
         <size>0x75</size>
         <input_file_ref idref="fl-13e"/>
      </object_component>
      <object_component id="oc-16b">
         <name>.debug_line</name>
         <load_address>0x26fb</load_address>
         <run_address>0x26fb</run_address>
         <size>0x69</size>
         <input_file_ref idref="fl-13f"/>
      </object_component>
      <object_component id="oc-2f">
         <name>.debug_frame</name>
         <load_address>0x0</load_address>
         <run_address>0x0</run_address>
         <size>0xb2</size>
         <input_file_ref idref="fl-2"/>
      </object_component>
      <object_component id="oc-35">
         <name>.debug_frame</name>
         <load_address>0xb2</load_address>
         <run_address>0xb2</run_address>
         <size>0xed</size>
         <input_file_ref idref="fl-3"/>
      </object_component>
      <object_component id="oc-ac">
         <name>.debug_frame</name>
         <load_address>0x19f</load_address>
         <run_address>0x19f</run_address>
         <size>0x142</size>
         <input_file_ref idref="fl-4"/>
      </object_component>
      <object_component id="oc-13">
         <name>.debug_frame</name>
         <load_address>0x2e1</load_address>
         <run_address>0x2e1</run_address>
         <size>0x7f</size>
         <input_file_ref idref="fl-12c"/>
      </object_component>
      <object_component id="oc-4a">
         <name>.debug_frame</name>
         <load_address>0x360</load_address>
         <run_address>0x360</run_address>
         <size>0x8e</size>
         <input_file_ref idref="fl-12d"/>
      </object_component>
      <object_component id="oc-1d">
         <name>.debug_frame</name>
         <load_address>0x3ee</load_address>
         <run_address>0x3ee</run_address>
         <size>0x7f</size>
         <input_file_ref idref="fl-12d"/>
      </object_component>
      <object_component id="oc-23">
         <name>.debug_frame</name>
         <load_address>0x46d</load_address>
         <run_address>0x46d</run_address>
         <size>0x7f</size>
         <input_file_ref idref="fl-12e"/>
      </object_component>
      <object_component id="oc-71">
         <name>.debug_frame</name>
         <load_address>0x4ec</load_address>
         <run_address>0x4ec</run_address>
         <size>0xb3</size>
         <input_file_ref idref="fl-12f"/>
      </object_component>
      <object_component id="oc-63">
         <name>.debug_frame</name>
         <load_address>0x59f</load_address>
         <run_address>0x59f</run_address>
         <size>0x7f</size>
         <input_file_ref idref="fl-132"/>
      </object_component>
      <object_component id="oc-19a">
         <name>.debug_frame</name>
         <load_address>0x61e</load_address>
         <run_address>0x61e</run_address>
         <size>0xa1</size>
         <input_file_ref idref="fl-135"/>
      </object_component>
      <object_component id="oc-6e">
         <name>.debug_frame</name>
         <load_address>0x6bf</load_address>
         <run_address>0x6bf</run_address>
         <size>0x7f</size>
         <input_file_ref idref="fl-136"/>
      </object_component>
      <object_component id="oc-69">
         <name>.debug_frame</name>
         <load_address>0x73e</load_address>
         <run_address>0x73e</run_address>
         <size>0x8a</size>
         <input_file_ref idref="fl-137"/>
      </object_component>
      <object_component id="oc-10f">
         <name>.debug_frame</name>
         <load_address>0x7c8</load_address>
         <run_address>0x7c8</run_address>
         <size>0x8e</size>
         <input_file_ref idref="fl-138"/>
      </object_component>
      <object_component id="oc-1c7">
         <name>.debug_frame</name>
         <load_address>0x856</load_address>
         <run_address>0x856</run_address>
         <size>0x7f</size>
         <input_file_ref idref="fl-139"/>
      </object_component>
      <object_component id="oc-cf">
         <name>.debug_frame</name>
         <load_address>0x8d5</load_address>
         <run_address>0x8d5</run_address>
         <size>0x8e</size>
         <input_file_ref idref="fl-13a"/>
      </object_component>
      <object_component id="oc-a5">
         <name>.debug_frame</name>
         <load_address>0x963</load_address>
         <run_address>0x963</run_address>
         <size>0x8e</size>
         <input_file_ref idref="fl-13a"/>
      </object_component>
      <object_component id="oc-d3">
         <name>.debug_frame</name>
         <load_address>0x9f1</load_address>
         <run_address>0x9f1</run_address>
         <size>0x8e</size>
         <input_file_ref idref="fl-13a"/>
      </object_component>
      <object_component id="oc-99">
         <name>.debug_frame</name>
         <load_address>0xa7f</load_address>
         <run_address>0xa7f</run_address>
         <size>0x8e</size>
         <input_file_ref idref="fl-13a"/>
      </object_component>
      <object_component id="oc-9d">
         <name>.debug_frame</name>
         <load_address>0xb0d</load_address>
         <run_address>0xb0d</run_address>
         <size>0x8e</size>
         <input_file_ref idref="fl-13a"/>
      </object_component>
      <object_component id="oc-140">
         <name>.debug_frame</name>
         <load_address>0xb9b</load_address>
         <run_address>0xb9b</run_address>
         <size>0x8e</size>
         <input_file_ref idref="fl-13a"/>
      </object_component>
      <object_component id="oc-13c">
         <name>.debug_frame</name>
         <load_address>0xc29</load_address>
         <run_address>0xc29</run_address>
         <size>0x8e</size>
         <input_file_ref idref="fl-13a"/>
      </object_component>
      <object_component id="oc-95">
         <name>.debug_frame</name>
         <load_address>0xcb7</load_address>
         <run_address>0xcb7</run_address>
         <size>0x9a</size>
         <input_file_ref idref="fl-13a"/>
      </object_component>
      <object_component id="oc-e0">
         <name>.debug_frame</name>
         <load_address>0xd51</load_address>
         <run_address>0xd51</run_address>
         <size>0x8e</size>
         <input_file_ref idref="fl-13a"/>
      </object_component>
      <object_component id="oc-dc">
         <name>.debug_frame</name>
         <load_address>0xddf</load_address>
         <run_address>0xddf</run_address>
         <size>0x8e</size>
         <input_file_ref idref="fl-13a"/>
      </object_component>
      <object_component id="oc-152">
         <name>.debug_frame</name>
         <load_address>0xe6d</load_address>
         <run_address>0xe6d</run_address>
         <size>0x8e</size>
         <input_file_ref idref="fl-13a"/>
      </object_component>
      <object_component id="oc-d8">
         <name>.debug_frame</name>
         <load_address>0xefb</load_address>
         <run_address>0xefb</run_address>
         <size>0x8e</size>
         <input_file_ref idref="fl-13a"/>
      </object_component>
      <object_component id="oc-b4">
         <name>.debug_frame</name>
         <load_address>0xf89</load_address>
         <run_address>0xf89</run_address>
         <size>0x8e</size>
         <input_file_ref idref="fl-13b"/>
      </object_component>
      <object_component id="oc-b8">
         <name>.debug_frame</name>
         <load_address>0x1017</load_address>
         <run_address>0x1017</run_address>
         <size>0x8e</size>
         <input_file_ref idref="fl-13b"/>
      </object_component>
      <object_component id="oc-c4">
         <name>.debug_frame</name>
         <load_address>0x10a5</load_address>
         <run_address>0x10a5</run_address>
         <size>0x8e</size>
         <input_file_ref idref="fl-13b"/>
      </object_component>
      <object_component id="oc-bc">
         <name>.debug_frame</name>
         <load_address>0x1133</load_address>
         <run_address>0x1133</run_address>
         <size>0x8e</size>
         <input_file_ref idref="fl-13b"/>
      </object_component>
      <object_component id="oc-b0">
         <name>.debug_frame</name>
         <load_address>0x11c1</load_address>
         <run_address>0x11c1</run_address>
         <size>0x8e</size>
         <input_file_ref idref="fl-13b"/>
      </object_component>
      <object_component id="oc-14d">
         <name>.debug_frame</name>
         <load_address>0x124f</load_address>
         <run_address>0x124f</run_address>
         <size>0x8e</size>
         <input_file_ref idref="fl-13c"/>
      </object_component>
      <object_component id="oc-80">
         <name>.debug_frame</name>
         <load_address>0x12dd</load_address>
         <run_address>0x12dd</run_address>
         <size>0x8e</size>
         <input_file_ref idref="fl-13c"/>
      </object_component>
      <object_component id="oc-7c">
         <name>.debug_frame</name>
         <load_address>0x136b</load_address>
         <run_address>0x136b</run_address>
         <size>0x9f</size>
         <input_file_ref idref="fl-13c"/>
      </object_component>
      <object_component id="oc-90">
         <name>.debug_frame</name>
         <load_address>0x140a</load_address>
         <run_address>0x140a</run_address>
         <size>0x9f</size>
         <input_file_ref idref="fl-13c"/>
      </object_component>
      <object_component id="oc-c0">
         <name>.debug_frame</name>
         <load_address>0x14a9</load_address>
         <run_address>0x14a9</run_address>
         <size>0x96</size>
         <input_file_ref idref="fl-13d"/>
      </object_component>
      <object_component id="oc-a2">
         <name>.debug_frame</name>
         <load_address>0x153f</load_address>
         <run_address>0x153f</run_address>
         <size>0x8e</size>
         <input_file_ref idref="fl-13d"/>
      </object_component>
      <object_component id="oc-cc">
         <name>.debug_frame</name>
         <load_address>0x15cd</load_address>
         <run_address>0x15cd</run_address>
         <size>0x8e</size>
         <input_file_ref idref="fl-13e"/>
      </object_component>
      <object_component id="oc-130">
         <name>.debug_frame</name>
         <load_address>0x165b</load_address>
         <run_address>0x165b</run_address>
         <size>0x8e</size>
         <input_file_ref idref="fl-13e"/>
      </object_component>
      <object_component id="oc-12c">
         <name>.debug_frame</name>
[...]
            <logical_group_ref idref="lg-6"/>
         </contents>
      </load_segment>
      <load_segment id="lg-204" display="no" color="cyan">
         <name>SEGMENT_1</name>
         <run_address>0x20000000</run_address>
         <size>0x258</size>
         <flags>0x6</flags>
         <contents>
            <logical_group_ref idref="lg-d"/>
            <logical_group_ref idref="lg-a"/>
            <logical_group_ref idref="lg-b"/>
         </contents>
      </load_segment>
   </logical_group_list>
   <placement_map>
      <memory_area display="yes" color="green">
         <name>FLASH</name>
         <page_id>0x0</page_id>
         <origin>0x0</origin>
         <length>0x40000</length>
         <used_space>0x17b0</used_space>
         <unused_space>0x3e850</unused_space>
         <attributes>RX</attributes>
         <usage_details>
            <allocated_space>
               <start_address>0x0</start_address>
               <size>0x26c</size>
               <logical_group_ref idref="lg-3"/>
            </allocated_space>
            <allocated_space>
               <start_address>0x26c</start_address>
               <size>0x134a</size>
               <logical_group_ref idref="lg-4"/>
            </allocated_space>
            <available_space>
               <start_address>0x15b6</start_address>
               <size>0x2</size>
            </available_space>
            <allocated_space>
               <start_address>0x15b8</start_address>
               <size>0x1c2</size>
               <logical_group_ref idref="lg-5"/>
            </allocated_space>
            <available_space>
               <start_address>0x177a</start_address>
               <size>0x6</size>
            </available_space>
            <allocated_space>
               <start_address>0x1780</start_address>
               <size>0x38</size>
               <logical_group_ref idref="lg-6"/>
            </allocated_space>
            <available_space>
               <start_address>0x17b8</start_address>
               <size>0x3e848</size>
            </available_space>
         </usage_details>
      </memory_area>
      <memory_area display="yes" color="green">
         <name>SRAM</name>
         <page_id>0x0</page_id>
         <origin>0x20000000</origin>
         <length>0x8000</length>
         <used_space>0x258</used_space>
         <unused_space>0x7da8</unused_space>
         <attributes>RWX</attributes>
         <usage_details>
            <allocated_space>
               <start_address>0x20000000</start_address>
               <size>0x200</size>
               <logical_group_ref idref="lg-d"/>
            </allocated_space>
            <allocated_space>
               <start_address>0x20000200</start_address>
               <size>0x3c</size>
               <logical_group_ref idref="lg-1db"/>
            </allocated_space>
            <allocated_space>
               <start_address>0x2000023c</start_address>
               <size>0x1c</size>
               <logical_group_ref idref="lg-1d9"/>
            </allocated_space>
            <available_space>
               <start_address>0x20000258</start_address>
               <size>0x7da8</size>
            </available_space>
         </usage_details>
      </memory_area>
   </placement_map>
   <cptbl_list>
      <cptbl>
         <name>__TI_cinit_table</name>
         <cprec>
            <name>.data</name>
            <load_address>0x1780</load_address>
            <load_size>0x12</load_size>
            <run_address>0x20000200</run_address>
            <run_size>0x3c</run_size>
            <compression>rle</compression>
         </cprec>
         <cprec>
            <name>.bss</name>
            <load_address>0x17a0</load_address>
            <load_size>0x8</load_size>
            <run_address>0x2000023c</run_address>
            <run_size>0x1c</run_size>
            <compression>zero_init</compression>
         </cprec>
      </cptbl>
   </cptbl_list>
   <handler_table>
      <handler_table_name>__TI_handler_table</handler_table_name>
      <handler>
         <index>0x0</index>
         <name>__TI_decompress_rle24</name>
      </handler>
      <handler>
         <index>0x1</index>
         <name>__TI_decompress_none</name>
      </handler>
      <handler>
         <index>0x2</index>
         <name>__TI_zero_init</name>
      </handler>
   </handler_table>
   <symbol_table>
      <symbol id="sm-1">
         <name>__STACK_TOP</name>
         <value>0x20000200</value>
      </symbol>
      <symbol id="sm-2">
         <name>__TI_CINIT_Base</name>
         <value>0x17a8</value>
      </symbol>
      <symbol id="sm-3">
         <name>__TI_CINIT_Limit</name>
         <value>0x17b8</value>
      </symbol>
      <symbol id="sm-4">
         <name>__TI_Handler_Table_Base</name>
         <value>0x1794</value>
      </symbol>
      <symbol id="sm-5">
         <name>__TI_Handler_Table_Limit</name>
         <value>0x17a0</value>
      </symbol>
      <symbol id="sm-6">
         <name>binit</name>
         <value>0xffffffff</value>
      </symbol>
      <symbol id="sm-7">
         <name>__binit__</name>
         <value>0xffffffff</value>
      </symbol>
      <symbol id="sm-8">
         <name>__STACK_SIZE</name>
         <value>0x200</value>
      </symbol>
      <symbol id="sm-9">
         <name>__STACK_END</name>
         <value>0x20000200</value>
      </symbol>
      <symbol id="sm-a">
         <name>__c_args__</name>
         <value>0xffffffff</value>
      </symbol>
      <symbol id="sm-45">
         <name>ResetISR</name>
         <value>0x1537</value>
         <object_component_ref idref="oc-2a"/>
      </symbol>
      <symbol id="sm-46">
         <name>g_pfnVectors</name>
         <value>0x0</value>
         <object_component_ref idref="oc-f"/>
      </symbol>
      <symbol id="sm-9c">
         <name>mIndex</name>
         <value>0x20000254</value>
      </symbol>
      <symbol id="sm-9d">
         <name>Ekey</name>
         <value>0x20000250</value>
      </symbol>
      <symbol id="sm-9e">
         <name>message</name>
         <value>0x2000023c</value>
      </symbol>
      <symbol id="sm-9f">
         <name>flagDmessage</name>
         <value>0x20000214</value>
         <object_component_ref idref="oc-e5"/>
      </symbol>
      <symbol id="sm-a0">
         <name>flagencode</name>
         <value>0x20000218</value>
         <object_component_ref idref="oc-e5"/>
      </symbol>
      <symbol id="sm-a1">
         <name>flagE</name>
         <value>0x20000204</value>
         <object_component_ref idref="oc-e5"/>
      </symbol>
      <symbol id="sm-a2">
         <name>flagD</name>
         <value>0x20000200</value>
         <object_component_ref idref="oc-e5"/>
      </symbol>
      <symbol id="sm-a3">
         <name>decryption</name>
         <value>0x755</value>
         <object_component_ref idref="oc-30"/>
      </symbol>
      <symbol id="sm-a4">
         <name>flagEkey</name>
         <value>0x20000208</value>
         <object_component_ref idref="oc-e5"/>
      </symbol>
      <symbol id="sm-a5">
         <name>UARTIntHandler</name>
         <value>0x8e5</value>
         <object_component_ref idref="oc-30"/>
      </symbol>
      <symbol id="sm-a6">
         <name>main</name>
         <value>0x7a7</value>
         <object_component_ref idref="oc-30"/>
      </symbol>
      <symbol id="sm-a7">
         <name>flagDkey</name>
         <value>0x2000020c</value>
         <object_component_ref idref="oc-e5"/>
      </symbol>
      <symbol id="sm-a8">
         <name>flagdecode</name>
         <value>0x2000021c</value>
         <object_component_ref idref="oc-e5"/>
      </symbol>
      <symbol id="sm-a9">
         <name>flagEmessage</name>
         <value>0x20000210</value>
         <object_component_ref idref="oc-e5"/>
      </symbol>
      <symbol id="sm-aa">
         <name>Timer0IntHandler</name>
         <value>0x89f</value>
         <object_component_ref idref="oc-30"/>
      </symbol>
      <symbol id="sm-ab">
         <name>encryption</name>
         <value>0x715</value>
         <object_component_ref idref="oc-30"/>
      </symbol>
      <symbol id="sm-116">
         <name>UARTgetc</name>
         <value>0x3dd</value>
         <object_component_ref idref="oc-a7"/>
      </symbol>
      <symbol id="sm-117">
         <name>UARTgets</name>
         <value>0x325</value>
         <object_component_ref idref="oc-a7"/>
      </symbol>
      <symbol id="sm-118">
         <name>UARTStdioConfig</name>
         <value>0x26d</value>
         <object_component_ref idref="oc-a7"/>
      </symbol>
      <symbol id="sm-119">
         <name>UARTStdioInit</name>
         <value>0x2b3</value>
         <object_component_ref idref="oc-a7"/>
      </symbol>
      <symbol id="sm-11a">
         <name>UARTStdioInitExpClk</name>
         <value>0x2c9</value>
         <object_component_ref idref="oc-a7"/>
      </symbol>
      <symbol id="sm-11b">
         <name>UARTwrite</name>
         <value>0x2df</value>
         <object_component_ref idref="oc-a7"/>
      </symbol>
      <symbol id="sm-11c">
         <name>UARTprintf</name>
         <value>0x405</value>
         <object_component_ref idref="oc-a7"/>
      </symbol>
      <symbol id="sm-12e">
         <name>_c_int00</name>
         <value>0x1255</value>
         <object_component_ref idref="oc-24"/>
      </symbol>
      <symbol id="sm-12f">
         <name>__stack</name>
         <value>0x20000000</value>
         <object_component_ref idref="oc-29"/>
      </symbol>
      <symbol id="sm-146">
         <name>__TI_decompress_none</name>
         <value>0x1505</value>
         <object_component_ref idref="oc-12"/>
      </symbol>
      <symbol id="sm-16e">
         <name>__TI_decompress_rle24</name>
         <value>0x15a5</value>
         <object_component_ref idref="oc-18"/>
      </symbol>
      <symbol id="sm-180">
         <name>__TI_zero_init</name>
         <value>0x152b</value>
         <object_component_ref idref="oc-1e"/>
      </symbol>
      <symbol id="sm-19f">
         <name>C$$EXIT</name>
         <value>0x1339</value>
         <object_component_ref idref="oc-70"/>
      </symbol>
      <symbol id="sm-1a0">
         <name>abort</name>
         <value>0x133d</value>
         <object_component_ref idref="oc-70"/>
      </symbol>
      <symbol id="sm-1a1">
         <name>exit</name>
         <value>0x1345</value>
         <object_component_ref idref="oc-70"/>
      </symbol>
      <symbol id="sm-1a2">
         <name>__TI_dtors_ptr</name>
         <value>0x2000022c</value>
         <object_component_ref idref="oc-117"/>
      </symbol>
      <symbol id="sm-1a3">
         <name>__TI_cleanup_ptr</name>
         <value>0x20000228</value>
         <object_component_ref idref="oc-117"/>
      </symbol>
      <symbol id="sm-1be">
         <name>memcpy</name>
         <value>0xf31</value>
         <object_component_ref idref="oc-39"/>
      </symbol>
      <symbol id="sm-1bf">
         <name>__aeabi_memcpy</name>
         <value>0xf31</value>
         <object_component_ref idref="oc-39"/>
      </symbol>
      <symbol id="sm-1c0">
         <name>__aeabi_memcpy8</name>
         <value>0xf31</value>
         <object_component_ref idref="oc-39"/>
      </symbol>
      <symbol id="sm-1c1">
         <name>__aeabi_memcpy4</name>
         <value>0xf31</value>
         <object_component_ref idref="oc-39"/>
      </symbol>
      <symbol id="sm-1d0">
         <name>__aeabi_memset</name>
         <value>0xfcf</value>
         <object_component_ref idref="oc-52"/>
      </symbol>
      <symbol id="sm-1d1">
         <name>memset</name>
         <value>0xfd5</value>
         <object_component_ref idref="oc-52"/>
      </symbol>
      <symbol id="sm-1d2">
         <name>__aeabi_memset8</name>
         <value>0xfcf</value>
         <object_component_ref idref="oc-52"/>
      </symbol>
      <symbol id="sm-1d3">
         <name>__aeabi_memset4</name>
         <value>0xfcf</value>
         <object_component_ref idref="oc-52"/>
      </symbol>
      <symbol id="sm-1d4">
         <name>__aeabi_memclr8</name>
         <value>0xfcd</value>
         <object_component_ref idref="oc-52"/>
      </symbol>
      <symbol id="sm-1d5">
         <name>__aeabi_memclr4</name>
         <value>0xfcd</value>
         <object_component_ref idref="oc-52"/>
      </symbol>
      <symbol id="sm-1d6">
         <name>__aeabi_memclr</name>
         <value>0xfcd</value>
         <object_component_ref idref="oc-52"/>
      </symbol>
      <symbol id="sm-1e0">
         <name>_system_pre_init</name>
         <value>0x15b3</value>
         <object_component_ref idref="oc-5e"/>
      </symbol>
      <symbol id="sm-1e8">
         <name>main_func_sp</name>
         <value>0x20000238</value>
         <object_component_ref idref="oc-76"/>
      </symbol>
      <symbol id="sm-1fa">
         <name>__aeabi_uidivmod</name>
         <value>0x13bf</value>
         <object_component_ref idref="oc-159"/>
      </symbol>
      <symbol id="sm-1fb">
         <name>__aeabi_uidiv</name>
         <value>0x13bf</value>
         <object_component_ref idref="oc-159"/>
      </symbol>
      <symbol id="sm-214">
         <name>_nop</name>
         <value>0x14ab</value>
         <object_component_ref idref="oc-199"/>
      </symbol>
      <symbol id="sm-215">
         <name>_lock</name>
         <value>0x20000220</value>
         <object_component_ref idref="oc-114"/>
      </symbol>
      <symbol id="sm-216">
         <name>_unlock</name>
         <value>0x20000224</value>
         <object_component_ref idref="oc-114"/>
      </symbol>
      <symbol id="sm-217">
         <name>_register_lock</name>
         <value>0x14a3</value>
         <object_component_ref idref="oc-199"/>
      </symbol>
      <symbol id="sm-218">
         <name>_register_unlock</name>
         <value>0x149d</value>
         <object_component_ref idref="oc-199"/>
      </symbol>
      <symbol id="sm-22d">
         <name>_args_main</name>
         <value>0x1471</value>
         <object_component_ref idref="oc-6a"/>
      </symbol>
      <symbol id="sm-253">
         <name>__TI_auto_init</name>
         <value>0x10c1</value>
         <object_component_ref idref="oc-64"/>
      </symbol>
      <symbol id="sm-26d">
         <name>copy_in</name>
         <value>0x12a5</value>
         <object_component_ref idref="oc-10a"/>
      </symbol>
      <symbol id="sm-277">
         <name>__aeabi_idiv0</name>
         <value>0x1047</value>
         <object_component_ref idref="oc-1c2"/>
      </symbol>
      <symbol id="sm-2dd">
         <name>UARTCharPutNonBlocking</name>
         <value>0x14e7</value>
         <object_component_ref idref="oc-d9"/>
      </symbol>
      <symbol id="sm-2de">
         <name>UARTConfigSetExpClk</name>
         <value>0x137d</value>
         <object_component_ref idref="oc-93"/>
      </symbol>
      <symbol id="sm-2df">
         <name>UARTDisable</name>
         <value>0x1455</value>
         <object_component_ref idref="oc-13a"/>
      </symbol>
      <symbol id="sm-2e0">
         <name>UARTIntEnable</name>
         <value>0x1591</value>
         <object_component_ref idref="oc-a3"/>
      </symbol>
      <symbol id="sm-2e1">
         <name>UARTCharsAvail</name>
         <value>0x151f</value>
         <object_component_ref idref="oc-dd"/>
      </symbol>
      <symbol id="sm-2e2">
         <name>UARTCharPut</name>
         <value>0x156b</value>
         <object_component_ref idref="oc-14f"/>
      </symbol>
      <symbol id="sm-2e3">
         <name>UARTEnable</name>
         <value>0x1489</value>
         <object_component_ref idref="oc-13e"/>
      </symbol>
      <symbol id="sm-2e4">
         <name>UARTFIFOEnable</name>
         <value>0x1575</value>
         <object_component_ref idref="oc-9b"/>
      </symbol>
      <symbol id="sm-2e5">
         <name>UARTIntClear</name>
         <value>0x15af</value>
         <object_component_ref idref="oc-d1"/>
      </symbol>
      <symbol id="sm-2e6">
         <name>UARTIntStatus</name>
         <value>0x157f</value>
         <object_component_ref idref="oc-cd"/>
      </symbol>
      <symbol id="sm-2e7">
         <name>UARTCharGet</name>
         <value>0x1561</value>
         <object_component_ref idref="oc-d5"/>
      </symbol>
      <symbol id="sm-2e8">
         <name>UARTFIFOLevelSet</name>
         <value>0x159f</value>
         <object_component_ref idref="oc-97"/>
      </symbol>
      <symbol id="sm-30f">
         <name>TimerLoadSet</name>
         <value>0x14d5</value>
         <object_component_ref idref="oc-b1"/>
      </symbol>
      <symbol id="sm-310">
         <name>TimerEnable</name>
         <value>0x14f7</value>
         <object_component_ref idref="oc-b9"/>
      </symbol>
      <symbol id="sm-311">
         <name>TimerIntEnable</name>
         <value>0x1589</value>
         <object_component_ref idref="oc-b5"/>
      </symbol>
      <symbol id="sm-312">
         <name>TimerConfigure</name>
         <value>0x142d</value>
         <object_component_ref idref="oc-ad"/>
      </symbol>
      <symbol id="sm-313">
         <name>TimerIntClear</name>
         <value>0x15ab</value>
         <object_component_ref idref="oc-c1"/>
      </symbol>
      <symbol id="sm-396">
         <name>SysCtlPeripheralPresent</name>
         <value>0x1049</value>
         <object_component_ref idref="oc-14b"/>
      </symbol>
      <symbol id="sm-397">
         <name>SysCtlClockSet</name>
         <value>0xd2d</value>
         <object_component_ref idref="oc-7b"/>
      </symbol>
      <symbol id="sm-398">
         <name>SysCtlDelay</name>
         <value>0x1599</value>
         <object_component_ref idref="oc-11f"/>
      </symbol>
      <symbol id="sm-399">
         <name>SysCtlPeripheralEnable</name>
         <value>0x11fd</value>
         <object_component_ref idref="oc-7f"/>
      </symbol>
      <symbol id="sm-39a">
         <name>SysCtlClockGet</name>
         <value>0xb55</value>
         <object_component_ref idref="oc-8f"/>
      </symbol>
      <symbol id="sm-3c2">
         <name>IntEnable</name>
         <value>0x1199</value>
         <object_component_ref idref="oc-9f"/>
      </symbol>
      <symbol id="sm-3c3">
         <name>IntMasterEnable</name>
         <value>0x1557</value>
         <object_component_ref idref="oc-bd"/>
      </symbol>
      <symbol id="sm-413">
         <name>GPIOPinConfigure</name>
         <value>0x12f1</value>
         <object_component_ref idref="oc-87"/>
      </symbol>
      <symbol id="sm-414">
         <name>GPIOPinTypeUART</name>
         <value>0x14c3</value>
         <object_component_ref idref="oc-8b"/>
      </symbol>
      <symbol id="sm-415">
         <name>GPIOPinTypeGPIOOutput</name>
         <value>0x14b1</value>
         <object_component_ref idref="oc-83"/>
      </symbol>
      <symbol id="sm-416">
         <name>GPIOPinRead</name>
         <value>0x1543</value>
         <object_component_ref idref="oc-c5"/>
      </symbol>
      <symbol id="sm-417">
         <name>GPIODirModeSet</name>
         <value>0x13ff</value>
         <object_component_ref idref="oc-12d"/>
      </symbol>
      <symbol id="sm-418">
         <name>GPIOPinWrite</name>
         <value>0x154d</value>
         <object_component_ref idref="oc-c9"/>
      </symbol>
      <symbol id="sm-419">
         <name>GPIOPadConfigSet</name>
         <value>0xe69</value>
         <object_component_ref idref="oc-129"/>
      </symbol>
      <symbol id="sm-421">
         <name>CPUcpsie</name>
         <value>0x1513</value>
         <object_component_ref idref="oc-16a"/>
      </symbol>
      <symbol id="sm-422">
         <name>__TI_static_base__</name>
         <value>0x0</value>
      </symbol>
      <symbol id="sm-425">
         <name>SHT$$INIT_ARRAY$$Limit</name>
         <value>0x0</value>
      </symbol>
      <symbol id="sm-426">
         <name>SHT$$INIT_ARRAY$$Base</name>
         <value>0x0</value>
      </symbol>
   </symbol_table>
   <title>Link successful</title>
</link_info>
