******************************************************************************
                  TI ARM Linker PC v5.2.5                      
******************************************************************************
>> Linked Fri Feb 23 09:19:16 2018

OUTPUT FILE NAME:   <Cristovao_Jesualdo_Lab4.out>
ENTRY POINT SYMBOL: "_c_int00"  address: 00001625


MEMORY CONFIGURATION

         name            origin    length      used     unused   attr    fill
----------------------  --------  ---------  --------  --------  ----  --------
  FLASH                 00000000   00040000  00001f20  0003e0e0  R  X
  SRAM                  20000000   00008000  00000234  00007dcc  RW X


SEGMENT ALLOCATION MAP

run origin  load origin   length   init length attrs members
----------  ----------- ---------- ----------- ----- -------
00000000    00000000    00001f28   00001f28    r-x
  00000000    00000000    0000026c   0000026c    r-- .intvecs
  0000026c    0000026c    000018da   000018da    r-x .text
  00001b48    00001b48    000003a2   000003a2    r-- .const
  00001ef0    00001ef0    00000038   00000038    r-- .cinit
20000000    20000000    00000234   00000000    rw-
  20000000    20000000    00000200   00000000    rw- .stack
  20000200    20000200    0000001c   00000000    rw- .data
  2000021c    2000021c    00000018   00000000    rw- .bss


SECTION ALLOCATION MAP

 output                                  attributes/
section   page    origin      length       input sections
--------  ----  ----------  ----------   ----------------
.intvecs   0    00000000    0000026c     
                  00000000    0000026c     lm4f120h5qr_startup_ccs.obj (.intvecs)

.text      0    0000026c    000018da     
                  0000026c    000004a8     uartstdio.obj (.text)
                  00000714    00000420     Nokia5110_Lib.obj (.text)
                  00000b34    00000250     main.obj (.text)
                  00000d84    000001d8     driverlib-cm4f.lib : sysctl.obj (.text:SysCtlClockGet)
                  00000f5c    0000013c                        : sysctl.obj (.text:SysCtlClockSet)
                  00001098    00000136     rtsv7M4_T_le_v4SPD16_eabi.lib : fd_div_t2.obj (.text)
                  000011ce    000000c8     driverlib-cm4f.lib : gpio.obj (.text:GPIOPadConfigSet)
                  00001296    0000009c     rtsv7M4_T_le_v4SPD16_eabi.lib : memcpy_t2.obj (.text)
                  00001332    0000007a                                   : memset_t2.obj (.text)
                  000013ac    00000078     driverlib-cm4f.lib : sysctl.obj (.text:SysCtlPeripheralPresent)
                  00001424    0000006c                        : adc.obj (.text:ADCSequenceStepConfigure)
                  00001490    0000006c     rtsv7M4_T_le_v4SPD16_eabi.lib : autoinit.obj (.text)
                  000014fc    0000006a                                   : copy_decompress_rle.obj (.text)
                  00001566    00000002                                   : i_div0.obj (.text)
                  00001568    00000064     driverlib-cm4f.lib : interrupt.obj (.text:IntEnable)
                  000015cc    00000058                        : sysctl.obj (.text:SysCtlPeripheralEnable)
                  00001624    00000050     rtsv7M4_T_le_v4SPD16_eabi.lib : boot.obj (.text)
                  00001674    0000004c                                   : cpy_tbl.obj (.text)
                  000016c0    00000048     driverlib-cm4f.lib : gpio.obj (.text:GPIOPinConfigure)
                  00001708    00000044                        : ssi.obj (.text:SSIConfigSetExpClk)
                  0000174c    00000044     rtsv7M4_T_le_v4SPD16_eabi.lib : exit.obj (.text)
                  00001790    00000044                                   : fd_tou_t2.obj (.text)
                  000017d4    00000042     driverlib-cm4f.lib : uart.obj (.text:UARTConfigSetExpClk)
                  00001816    00000040     rtsv7M4_T_le_v4SPD16_eabi.lib : u_divt2.obj (.text)
                  00001856    0000002e     driverlib-cm4f.lib : adc.obj (.text:ADCIntStatus)
                  00001884    0000002e                        : gpio.obj (.text:GPIODirModeSet)
                  000018b2    0000002a                        : adc.obj (.text:ADCSequenceConfigure)
                  000018dc    00000028                        : timer.obj (.text:TimerConfigure)
                  00001904    00000020                        : adc.obj (.text:ADCSequenceDataGet)
                  00001924    00000020                        : sysctl.obj (.text:SysCtlADCSpeedSet)
                  00001944    00000020     rtsv7M4_T_le_v4SPD16_eabi.lib : u_tofd_t2.obj (.text)
                  00001964    0000001c     driverlib-cm4f.lib : uart.obj (.text:UARTDisable)
                  00001980    00000018     rtsv7M4_T_le_v4SPD16_eabi.lib : args_main.obj (.text)
                  00001998    00000016     driverlib-cm4f.lib : adc.obj (.text:ADCProcessorTrigger)
                  000019ae    00000014                        : uart.obj (.text:UARTEnable)
                  000019c2    00000002     --HOLE-- [fill = 0]
                  000019c4    00000014     rtsv7M4_T_le_v4SPD16_eabi.lib : _lock.obj (.text)
                  000019d8    00000012     driverlib-cm4f.lib : adc.obj (.text:ADCHardwareOversampleConfigure)
                  000019ea    00000012                        : gpio.obj (.text:GPIOPinTypeADC)
                  000019fc    00000012                        : gpio.obj (.text:GPIOPinTypeGPIOOutput)
                  00001a0e    00000012                        : gpio.obj (.text:GPIOPinTypeSSI)
                  00001a20    00000012                        : gpio.obj (.text:GPIOPinTypeUART)
                  00001a32    00000012                        : timer.obj (.text:TimerLoadSet)
                  00001a44    0000000e                        : adc.obj (.text:ADCSequenceDisable)
                  00001a52    0000000e                        : adc.obj (.text:ADCSequenceEnable)
                  00001a60    0000000e                        : timer.obj (.text:TimerEnable)
                  00001a6e    0000000e     rtsv7M4_T_le_v4SPD16_eabi.lib : copy_decompress_none.obj (.text:decompress:none)
                  00001a7c    0000000c     driverlib-cm4f.lib : cpu.obj (.text:CPUcpsie)
                  00001a88    0000000c                        : uart.obj (.text:UARTCharsAvail)
                  00001a94    0000000c     rtsv7M4_T_le_v4SPD16_eabi.lib : copy_zero_init.obj (.text:decompress:ZI)
                  00001aa0    0000000c     lm4f120h5qr_startup_ccs.obj (.text)
                  00001aac    0000000a     driverlib-cm4f.lib : adc.obj (.text:ADCIntClear)
                  00001ab6    0000000a                        : gpio.obj (.text:GPIOPinRead)
                  00001ac0    0000000a                        : gpio.obj (.text:GPIOPinWrite)
                  00001aca    0000000a                        : interrupt.obj (.text:IntMasterEnable)
                  00001ad4    0000000a                        : ssi.obj (.text:SSIDataPut)
                  00001ade    0000000a                        : ssi.obj (.text:SSIEnable)
                  00001ae8    0000000a                        : uart.obj (.text:UARTCharGet)
                  00001af2    0000000a                        : uart.obj (.text:UARTCharPut)
                  00001afc    0000000a                        : uart.obj (.text:UARTFIFOEnable)
                  00001b06    0000000a                        : uart.obj (.text:UARTIntStatus)
                  00001b10    00000008                        : ssi.obj (.text:SSIBusy)
                  00001b18    00000008                        : timer.obj (.text:TimerIntEnable)
                  00001b20    00000008                        : uart.obj (.text:UARTIntEnable)
                  00001b28    00000006                        : sysctl.obj (.text:SysCtlDelay)
                  00001b2e    00000006                        : uart.obj (.text:UARTFIFOLevelSet)
                  00001b34    00000006     rtsv7M4_T_le_v4SPD16_eabi.lib : copy_decompress_rle.obj (.text:decompress:rle24)
                  00001b3a    00000004     driverlib-cm4f.lib : timer.obj (.text:TimerIntClear)
                  00001b3e    00000004                        : uart.obj (.text:UARTIntClear)
                  00001b42    00000004     rtsv7M4_T_le_v4SPD16_eabi.lib : pre_init.obj (.text)

.const     0    00001b48    000003a2     
                  00001b48    000001e0     Nokia5110_Lib.obj (.const:ASCII)
                  00001d28    00000078     driverlib-cm4f.lib : gpio.obj (.const:g_pulGPIOBaseAddrs)
                  00001da0    00000070                        : interrupt.obj (.const)
                  00001e10    0000006c                        : sysctl.obj (.const:g_pulXtals)
                  00001e7c    00000040                        : sysctl.obj (.const)
                  00001ebc    0000001c     uartstdio.obj (.const)
                  00001ed8    00000012     uartstdio.obj (.const:.string)

.cinit     0    00001ef0    00000038     
                  00001ef0    0000000f     (.cinit..data.load) [load image, compression = rle]
                  00001eff    00000001     --HOLE-- [fill = 0]
                  00001f00    0000000c     (__TI_handler_table)
                  00001f0c    00000004     --HOLE-- [fill = 0]
                  00001f10    00000008     (.cinit..bss.load) [load image, compression = zero_init]
                  00001f18    00000010     (__TI_cinit_table)

.init_array 
*          0    00000000    00000000     UNINITIALIZED

.stack     0    20000000    00000200     UNINITIALIZED
                  20000000    00000200     --HOLE--

.data      0    20000200    0000001c     UNINITIALIZED
                  20000200    00000008     rtsv7M4_T_le_v4SPD16_eabi.lib : _lock.obj (.data)
                  20000208    00000008                                   : exit.obj (.data)
                  20000210    00000005     uartstdio.obj (.data)
                  20000215    00000003     --HOLE--
                  20000218    00000004     rtsv7M4_T_le_v4SPD16_eabi.lib : stkdepth_vars.obj (.data)

.bss       0    2000021c    00000018     UNINITIALIZED
                  2000021c    00000010     (.common:ulADC0Value)
                  2000022c    00000004     (.common:ulPeriod)
                  20000230    00000004     (.common:ulVoltageAvg)

.TI.persistent 
*          0    20000200    00000000     UNINITIALIZED

.TI.noinit 
*          0    2000021c    00000000     UNINITIALIZED


LINKER GENERATED COPY TABLES

__TI_cinit_table @ 00001f18 records: 2, size/record: 8, table size: 16
	.data: load addr=00001ef0, load size=0000000f bytes, run addr=20000200, run size=0000001c bytes, compression=rle
	.bss: load addr=00001f10, load size=00000008 bytes, run addr=2000021c, run size=00000018 bytes, compression=zero_init


LINKER GENERATED HANDLER TABLE

__TI_handler_table @ 00001f00 records: 3, size/record: 4, table size: 12
	index: 0, handler: __TI_decompress_rle24
	index: 1, handler: __TI_decompress_none
	index: 2, handler: __TI_zero_init


GLOBAL SYMBOLS: SORTED ALPHABETICALLY BY Name 

address   name                          
-------   ----                          
000019d9  ADCHardwareOversampleConfigure
00001aad  ADCIntClear                   
00001857  ADCIntStatus                  
00001999  ADCProcessorTrigger           
000018b3  ADCSequenceConfigure          
00001905  ADCSequenceDataGet            
00001a45  ADCSequenceDisable            
00001a53  ADCSequenceEnable             
00001425  ADCSequenceStepConfigure      
0000174d  C$$EXIT                       
00001a7d  CPUcpsie                      
00001885  GPIODirModeSet                
000011cf  GPIOPadConfigSet              
000016c1  GPIOPinConfigure              
00001ab7  GPIOPinRead                   
000019eb  GPIOPinTypeADC                
000019fd  GPIOPinTypeGPIOOutput         
00001a0f  GPIOPinTypeSSI                
00001a21  GPIOPinTypeUART               
00001ac1  GPIOPinWrite                  
00001569  IntEnable                     
00001acb  IntMasterEnable               
00000abd  Nokia5110_Clear               
00000aeb  Nokia5110_DrawFullImage       
000007cd  Nokia5110_Init                
00000829  Nokia5110_OutChar             
0000086f  Nokia5110_OutString           
0000088d  Nokia5110_OutUDec             
00000a7d  Nokia5110_SetCursor           
00001aa1  ResetISR                      
UNDEFED   SHT$$INIT_ARRAY$$Base         
UNDEFED   SHT$$INIT_ARRAY$$Limit        
00001b11  SSIBusy                       
00001709  SSIConfigSetExpClk            
00001ad5  SSIDataPut                    
00001adf  SSIEnable                     
00000715  SSI_Init                      
00001925  SysCtlADCSpeedSet             
00000d85  SysCtlClockGet                
00000f5d  SysCtlClockSet                
00001b29  SysCtlDelay                   
000015cd  SysCtlPeripheralEnable        
000013ad  SysCtlPeripheralPresent       
00000cc7  Timer0IntHandler              
000018dd  TimerConfigure                
00001a61  TimerEnable                   
00001b3b  TimerIntClear                 
00001b19  TimerIntEnable                
00001a33  TimerLoadSet                  
00001ae9  UARTCharGet                   
00001af3  UARTCharPut                   
00001a89  UARTCharsAvail                
000017d5  UARTConfigSetExpClk           
00001965  UARTDisable                   
000019af  UARTEnable                    
00001afd  UARTFIFOEnable                
00001b2f  UARTFIFOLevelSet              
00001b3f  UARTIntClear                  
00001b21  UARTIntEnable                 
00000d09  UARTIntHandler                
00001b07  UARTIntStatus                 
0000026d  UARTStdioConfig               
000002b3  UARTStdioInit                 
000002c9  UARTStdioInitExpClk           
000003dd  UARTgetc                      
00000325  UARTgets                      
00000405  UARTprintf                    
000002df  UARTwrite                     
20000200  __STACK_END                   
00000200  __STACK_SIZE                  
20000200  __STACK_TOP                   
00001f18  __TI_CINIT_Base               
00001f28  __TI_CINIT_Limit              
00001f00  __TI_Handler_Table_Base       
00001f0c  __TI_Handler_Table_Limit      
00001491  __TI_auto_init                
20000208  __TI_cleanup_ptr              
00001a6f  __TI_decompress_none          
00001b35  __TI_decompress_rle24         
2000020c  __TI_dtors_ptr                
00000000  __TI_static_base__            
00001a95  __TI_zero_init                
00001791  __aeabi_d2uiz                 
00001099  __aeabi_ddiv                  
00001567  __aeabi_idiv0                 
00001333  __aeabi_memclr                
00001333  __aeabi_memclr4               
00001333  __aeabi_memclr8               
00001297  __aeabi_memcpy                
00001297  __aeabi_memcpy4               
00001297  __aeabi_memcpy8               
00001335  __aeabi_memset                
00001335  __aeabi_memset4               
00001335  __aeabi_memset8               
00001945  __aeabi_ui2d                  
00001817  __aeabi_uidiv                 
00001817  __aeabi_uidivmod              
ffffffff  __binit__                     
ffffffff  __c_args__                    
20000000  __stack                       
00001981  _args_main                    
00001625  _c_int00                      
20000200  _lock                         
000019d3  _nop                          
000019cb  _register_lock                
000019c5  _register_unlock              
00001b43  _system_pre_init              
20000204  _unlock                       
00001751  abort                         
ffffffff  binit                         
00001675  copy_in                       
00001759  exit                          
00000000  g_pfnVectors                  
00000b35  main                          
20000218  main_func_sp                  
00001297  memcpy                        
0000133b  memset                        
2000021c  ulADC0Value                   
2000022c  ulPeriod                      
20000230  ulVoltageAvg                  


GLOBAL SYMBOLS: SORTED BY Symbol Address 

address   name                          
-------   ----                          
00000000  __TI_static_base__            
00000000  g_pfnVectors                  
00000200  __STACK_SIZE                  
0000026d  UARTStdioConfig               
000002b3  UARTStdioInit                 
000002c9  UARTStdioInitExpClk           
000002df  UARTwrite                     
00000325  UARTgets                      
000003dd  UARTgetc                      
00000405  UARTprintf                    
00000715  SSI_Init                      
000007cd  Nokia5110_Init                
00000829  Nokia5110_OutChar             
0000086f  Nokia5110_OutString           
0000088d  Nokia5110_OutUDec             
00000a7d  Nokia5110_SetCursor           
00000abd  Nokia5110_Clear               
00000aeb  Nokia5110_DrawFullImage       
00000b35  main                          
00000cc7  Timer0IntHandler              
00000d09  UARTIntHandler                
00000d85  SysCtlClockGet                
00000f5d  SysCtlClockSet                
00001099  __aeabi_ddiv                  
000011cf  GPIOPadConfigSet              
00001297  __aeabi_memcpy                
00001297  __aeabi_memcpy4               
00001297  __aeabi_memcpy8               
00001297  memcpy                        
00001333  __aeabi_memclr                
00001333  __aeabi_memclr4               
00001333  __aeabi_memclr8               
00001335  __aeabi_memset                
00001335  __aeabi_memset4               
00001335  __aeabi_memset8               
0000133b  memset                        
000013ad  SysCtlPeripheralPresent       
00001425  ADCSequenceStepConfigure      
00001491  __TI_auto_init                
00001567  __aeabi_idiv0                 
00001569  IntEnable                     
000015cd  SysCtlPeripheralEnable        
00001625  _c_int00                      
00001675  copy_in                       
000016c1  GPIOPinConfigure              
00001709  SSIConfigSetExpClk            
0000174d  C$$EXIT                       
00001751  abort                         
00001759  exit                          
00001791  __aeabi_d2uiz                 
000017d5  UARTConfigSetExpClk           
00001817  __aeabi_uidiv                 
00001817  __aeabi_uidivmod              
00001857  ADCIntStatus                  
00001885  GPIODirModeSet                
000018b3  ADCSequenceConfigure          
000018dd  TimerConfigure                
00001905  ADCSequenceDataGet            
00001925  SysCtlADCSpeedSet             
00001945  __aeabi_ui2d                  
00001965  UARTDisable                   
00001981  _args_main                    
00001999  ADCProcessorTrigger           
000019af  UARTEnable                    
000019c5  _register_unlock              
000019cb  _register_lock                
000019d3  _nop                          
000019d9  ADCHardwareOversampleConfigure
000019eb  GPIOPinTypeADC                
000019fd  GPIOPinTypeGPIOOutput         
00001a0f  GPIOPinTypeSSI                
00001a21  GPIOPinTypeUART               
00001a33  TimerLoadSet                  
00001a45  ADCSequenceDisable            
00001a53  ADCSequenceEnable             
00001a61  TimerEnable                   
00001a6f  __TI_decompress_none          
00001a7d  CPUcpsie                      
00001a89  UARTCharsAvail                
00001a95  __TI_zero_init                
00001aa1  ResetISR                      
00001aad  ADCIntClear                   
00001ab7  GPIOPinRead                   
00001ac1  GPIOPinWrite                  
00001acb  IntMasterEnable               
00001ad5  SSIDataPut                    
00001adf  SSIEnable                     
00001ae9  UARTCharGet                   
00001af3  UARTCharPut                   
00001afd  UARTFIFOEnable                
00001b07  UARTIntStatus                 
00001b11  SSIBusy                       
00001b19  TimerIntEnable                
00001b21  UARTIntEnable                 
00001b29  SysCtlDelay                   
00001b2f  UARTFIFOLevelSet              
00001b35  __TI_decompress_rle24         
00001b3b  TimerIntClear                 
00001b3f  UARTIntClear                  
00001b43  _system_pre_init              
00001f00  __TI_Handler_Table_Base       
00001f0c  __TI_Handler_Table_Limit      
00001f18  __TI_CINIT_Base               
00001f28  __TI_CINIT_Limit              
20000000  __stack                       
20000200  __STACK_END                   
20000200  __STACK_TOP                   
20000200  _lock                         
20000204  _unlock                       
20000208  __TI_cleanup_ptr              
2000020c  __TI_dtors_ptr                
20000218  main_func_sp                  
2000021c  ulADC0Value                   
2000022c  ulPeriod                      
20000230  ulVoltageAvg                  
ffffffff  __binit__                     
ffffffff  __c_args__                    
ffffffff  binit                         
UNDEFED   SHT$$INIT_ARRAY$$Base         
UNDEFED   SHT$$INIT_ARRAY$$Limit        

[120 symbols]
